Last login: Sat Aug  5 20:45:13 on ttys000
admin@Admins-MacBook-Pro-2 ~ % cd desktop
admin@Admins-MacBook-Pro-2 desktop % cd food_app
admin@Admins-MacBook-Pro-2 food_app % git remote add origin git@github.com:Laibanadeem065/food_app.git
admin@Admins-MacBook-Pro-2 food_app % git status
On branch main

No commits yet

Untracked files:
  (use "git add <file>..." to include in what will be committed)
	.DS_Store
	.gitattributes
	.gitignore
	.ruby-version
	Gemfile
	Gemfile.lock
	README.md
	Rakefile
	app/
	bin/
	config.ru
	config/
	db/
	lib/
	log/
	public/
	storage/
	test/
	tmp/
	vendor/

nothing added to commit but untracked files present (use "git add" to track)
admin@Admins-MacBook-Pro-2 food_app % git add .
admin@Admins-MacBook-Pro-2 food_app % git commit -m "init"
[main (root-commit) 14c0fb6] init
 199 files changed, 4162 insertions(+)
 create mode 100644 .DS_Store
 create mode 100644 .gitattributes
 create mode 100644 .gitignore
 create mode 100644 .ruby-version
 create mode 100644 Gemfile
 create mode 100644 Gemfile.lock
 create mode 100644 README.md
 create mode 100644 Rakefile
 create mode 100644 app/.DS_Store
 create mode 100644 app/assets/.DS_Store
 create mode 100644 app/assets/config/manifest.js
 create mode 100644 app/assets/images/.keep
 create mode 100644 app/assets/images/194.jpg
 create mode 100644 app/assets/images/about.png
 create mode 100644 app/assets/images/burger2.jpg
 create mode 100644 app/assets/images/burger3.png
 create mode 100644 app/assets/images/burger4.png
 create mode 100644 app/assets/images/hotdog.png
 create mode 100644 app/assets/images/pasta2.jpeg
 create mode 100644 app/assets/images/pizza2.jpeg
 create mode 100644 app/assets/images/s1.jpeg
 create mode 100644 app/assets/images/white.jpg
 create mode 100644 app/assets/stylesheets/application.scss
 create mode 100644 app/assets/stylesheets/gallery.scss
 create mode 100644 app/assets/stylesheets/home.scss
 create mode 100644 app/assets/stylesheets/items.scss
 create mode 100644 app/assets/stylesheets/new_session.scss
 create mode 100644 app/assets/stylesheets/orders.scss
 create mode 100644 app/assets/stylesheets/speciality.scss
 create mode 100644 app/channels/application_cable/channel.rb
 create mode 100644 app/channels/application_cable/connection.rb
 create mode 100644 app/controllers/application_controller.rb
 create mode 100644 app/controllers/cart_controller.rb
 create mode 100644 app/controllers/concerns/.keep
 create mode 100644 app/controllers/home_controller.rb
 create mode 100644 app/controllers/items_controller.rb
 create mode 100644 app/controllers/orders_controller.rb
 create mode 100644 app/controllers/orders_dashboard_controller.rb
 create mode 100644 app/controllers/test_controller.rb
 create mode 100644 app/helpers/application_helper.rb
 create mode 100644 app/helpers/cart_items_helper.rb
 create mode 100644 app/helpers/home_helper.rb
 create mode 100644 app/javascript/application.js
 create mode 100644 app/javascript/controllers/application.js
 create mode 100644 app/javascript/controllers/hello_controller.js
 create mode 100644 app/javascript/controllers/index.js
 create mode 100644 app/javascript/item.js
 create mode 100644 app/javascript/test.js
 create mode 100644 app/jobs/application_job.rb
 create mode 100644 app/mailers/application_mailer.rb
 create mode 100644 app/models/application_record.rb
 create mode 100644 app/models/cart.rb
 create mode 100644 app/models/cart_item.rb
 create mode 100644 app/models/categorization.rb
 create mode 100644 app/models/category.rb
 create mode 100644 app/models/concerns/.keep
 create mode 100644 app/models/item.rb
 create mode 100644 app/models/order.rb
 create mode 100644 app/models/order_item.rb
 create mode 100644 app/models/user.rb
 create mode 100644 app/policies/application_policy.rb
 create mode 100644 app/policies/item_policy.rb
 create mode 100644 app/policies/user_policy.rb
 create mode 100644 app/views/cart/index.html.erb
 create mode 100644 app/views/devise/confirmations/new.html.erb
 create mode 100644 app/views/devise/mailer/confirmation_instructions.html.erb
 create mode 100644 app/views/devise/mailer/email_changed.html.erb
 create mode 100644 app/views/devise/mailer/password_change.html.erb
 create mode 100644 app/views/devise/mailer/reset_password_instructions.html.erb
 create mode 100644 app/views/devise/mailer/unlock_instructions.html.erb
 create mode 100644 app/views/devise/passwords/edit.html.erb
 create mode 100644 app/views/devise/passwords/new.html.erb
 create mode 100644 app/views/devise/registrations/edit.html.erb
 create mode 100644 app/views/devise/registrations/new.html.erb
 create mode 100644 app/views/devise/sessions/new.html.erb
 create mode 100644 app/views/devise/shared/_error_messages.html.erb
 create mode 100644 app/views/devise/shared/_links.html.erb
 create mode 100644 app/views/devise/unlocks/new.html.erb
 create mode 100644 app/views/home/_aboutus.html.erb
 create mode 100644 app/views/home/_gallery.html.erb
 create mode 100644 app/views/home/_speciality.html.erb
 create mode 100644 app/views/home/index.html.erb
 create mode 100644 app/views/items/_form.html.erb
 create mode 100644 app/views/items/_item.html.erb
 create mode 100644 app/views/items/_item.json.jbuilder
 create mode 100644 app/views/items/_search.html.erb
 create mode 100644 app/views/items/by_category.html.erb
 create mode 100644 app/views/items/edit.html.erb
 create mode 100644 app/views/items/index.html.erb
 create mode 100644 app/views/items/index.json.jbuilder
 create mode 100644 app/views/items/new.html.erb
 create mode 100644 app/views/items/show.html.erb
 create mode 100644 app/views/items/show.json.jbuilder
 create mode 100644 app/views/layouts/_footer.html.erb
 create mode 100644 app/views/layouts/_navbar.html.erb
 create mode 100644 app/views/layouts/application.html.erb
 create mode 100644 app/views/layouts/mailer.html.erb
 create mode 100644 app/views/layouts/mailer.text.erb
 create mode 100644 app/views/orders/index.html.erb
 create mode 100644 app/views/orders/show.html.erb
 create mode 100644 app/views/orders_dashboard/index.html.erb
 create mode 100644 app/views/orders_dashboard/show.html.erb
 create mode 100644 app/views/test/index.html.erb
 create mode 100755 bin/bundle
 create mode 100755 bin/importmap
 create mode 100755 bin/rails
 create mode 100755 bin/rake
 create mode 100755 bin/setup
 create mode 100644 config.ru
 create mode 100644 config/application.rb
 create mode 100644 config/boot.rb
 create mode 100644 config/cable.yml
 create mode 100644 config/credentials.yml.enc
 create mode 100644 config/database.yml
 create mode 100644 config/environment.rb
 create mode 100644 config/environments/development.rb
 create mode 100644 config/environments/production.rb
 create mode 100644 config/environments/test.rb
 create mode 100644 config/importmap.rb
 create mode 100644 config/initializers/assets.rb
 create mode 100644 config/initializers/content_security_policy.rb
 create mode 100644 config/initializers/devise.rb
 create mode 100644 config/initializers/filter_parameter_logging.rb
 create mode 100644 config/initializers/inflections.rb
 create mode 100644 config/initializers/permissions_policy.rb
 create mode 100644 config/locales/devise.en.yml
 create mode 100644 config/locales/en.yml
 create mode 100644 config/puma.rb
 create mode 100644 config/routes.rb
 create mode 100644 config/storage.yml
 create mode 100644 db/migrate/20230621171522_devise_create_users.rb
 create mode 100644 db/migrate/20230621172032_create_items.rb
 create mode 100644 db/migrate/20230621172300_create_categories.rb
 create mode 100644 db/migrate/20230621172331_create_categorizations.rb
 create mode 100644 db/migrate/20230622095019_create_orders.rb
 create mode 100644 db/migrate/20230622095339_create_order_items.rb
 create mode 100644 db/migrate/20230622103810_addfirstnametousers.rb
 create mode 100644 db/migrate/20230622104200_addlastnametousers.rb
 create mode 100644 db/migrate/20230622172614_create_carts.rb
 create mode 100644 db/migrate/20230622172838_create_cart_items.rb
 create mode 100644 db/migrate/20230623143016_add_active_to_items.rb
 create mode 100644 db/migrate/20230623170657_update_foreign_key_add_on_delete_constraint.rb
 create mode 100644 db/migrate/20230624115120_updateforeignkeyaddondeleteconstraint.rb
 create mode 100644 db/migrate/20230624120049_updateforeignkey.rb
 create mode 100644 db/migrate/20230624171214_add_admin_to_users.rb
 create mode 100644 db/migrate/20230625153207_create_active_storage_tables.active_storage.rb
 create mode 100644 db/migrate/20230626120359_add_session_id_to_carts.rb
 create mode 100644 db/migrate/20230626174411_updatecartstable.rb
 create mode 100644 db/migrate/20230627195143_add_user_id_to_items.rb
 create mode 100644 db/migrate/20230706132915_add_order_to_cart_items.rb
 create mode 100644 db/migrate/20230709110814_add_retired_to_items.rb
 create mode 100644 db/schema.rb
 create mode 100644 db/seeds.rb
 create mode 100644 lib/assets/.keep
 create mode 100644 lib/tasks/.keep
 create mode 100644 log/.keep
 create mode 100644 public/404.html
 create mode 100644 public/422.html
 create mode 100644 public/500.html
 create mode 100644 public/apple-touch-icon-precomposed.png
 create mode 100644 public/apple-touch-icon.png
 create mode 100644 public/favicon.ico
 create mode 100644 public/robots.txt
 create mode 100644 storage/.keep
 create mode 100644 test/application_system_test_case.rb
 create mode 100644 test/channels/application_cable/connection_test.rb
 create mode 100644 test/controllers/.keep
 create mode 100644 test/controllers/cart_items_controller_test.rb
 create mode 100644 test/controllers/home_controller_test.rb
 create mode 100644 test/fixtures/cart_items.yml
 create mode 100644 test/fixtures/carts.yml
 create mode 100644 test/fixtures/categories.yml
 create mode 100644 test/fixtures/categorizations.yml
 create mode 100644 test/fixtures/files/.keep
 create mode 100644 test/fixtures/items.yml
 create mode 100644 test/fixtures/order_items.yml
 create mode 100644 test/fixtures/orders.yml
 create mode 100644 test/fixtures/users.yml
 create mode 100644 test/helpers/.keep
 create mode 100644 test/integration/.keep
 create mode 100644 test/mailers/.keep
 create mode 100644 test/models/.keep
 create mode 100644 test/models/cart_item_test.rb
 create mode 100644 test/models/cart_test.rb
 create mode 100644 test/models/categorization_test.rb
 create mode 100644 test/models/category_test.rb
 create mode 100644 test/models/item_test.rb
 create mode 100644 test/models/order_item_test.rb
 create mode 100644 test/models/order_test.rb
 create mode 100644 test/models/user_test.rb
 create mode 100644 test/policies/item_policy_test.rb
 create mode 100644 test/policies/user_policy_test.rb
 create mode 100644 test/system/.keep
 create mode 100644 test/test_helper.rb
 create mode 100644 tmp/.keep
 create mode 100644 tmp/pids/.keep
 create mode 100644 tmp/storage/.keep
 create mode 100644 vendor/.keep
 create mode 100644 vendor/javascript/.keep
admin@Admins-MacBook-Pro-2 food_app % git branch -M main
admin@Admins-MacBook-Pro-2 food_app % git push -u origin main
Enumerating objects: 230, done.
Counting objects: 100% (230/230), done.
Delta compression using up to 4 threads
Compressing objects: 100% (210/210), done.
Writing objects: 100% (230/230), 8.70 MiB | 765.00 KiB/s, done.
Total 230 (delta 23), reused 0 (delta 0), pack-reused 0
remote: Resolving deltas: 100% (23/23), done.
To github.com:Laibanadeem065/food_app.git
 * [new branch]      main -> main
branch 'main' set up to track 'origin/main'.
admin@Admins-MacBook-Pro-2 food_app % git status
On branch main
Your branch is up to date with 'origin/main'.

nothing to commit, working tree clean
admin@Admins-MacBook-Pro-2 food_app % git log
commit 14c0fb6b5497c073c0cdd3d8f1bf816ff7f1646e (HEAD -> main, origin/main)
Author: laibandeem065 <itslaibasheikh065@gmail.com>
Date:   Mon Aug 7 16:31:23 2023 +0500

    init
admin@Admins-MacBook-Pro-2 food_app % heroku login
heroku: Press any key to open up the browser to login or q to exit: 
Opening browser to https://cli-auth.heroku.com/auth/cli/browser/cbfcd9df-92cd-4577-88f0-a58e10f609ab?requestor=SFMyNTY.g2gDbQAAAAszOS42Mi4wLjE0NG4GAIifJ9CJAWIAAVGA.OK2dg5PkiLWFrDp0Xxve2-1DZNJ0MtybsJkhU4PRvas
Logging in... done
Logged in as itslaibasheikh065@gmail.com
admin@Admins-MacBook-Pro-2 food_app % heroku create
Creating app... !
 ▸    To create an app, verify your account by adding payment information.
 ▸    Verify now at https://heroku.com/verify Learn more at
 ▸    https://devcenter.heroku.com/articles/account-verification
admin@Admins-MacBook-Pro-2 food_app % heroku create
Creating app... done, ⬢ morning-brook-21578
https://morning-brook-21578-5ab214c9e040.herokuapp.com/ | https://git.heroku.com/morning-brook-21578.git
admin@Admins-MacBook-Pro-2 food_app % heroku rename food-app-rails
Renaming morning-brook-21578 to food-app-rails... done
https://morning-brook-21578-5ab214c9e040.herokuapp.com/ | https://git.heroku.com/food-app-rails.git
 ▸    Don't forget to update git remotes for all other local checkouts of the
 ▸    app.
Git remote heroku updated
admin@Admins-MacBook-Pro-2 food_app % Git remote heroku rename food-app-rails
error: Unknown subcommand: heroku
usage: git remote [-v | --verbose]
   or: git remote add [-t <branch>] [-m <master>] [-f] [--tags | --no-tags] [--mirror=<fetch|push>] <name> <url>
   or: git remote rename [--[no-]progress] <old> <new>
   or: git remote remove <name>
   or: git remote set-head <name> (-a | --auto | -d | --delete | <branch>)
   or: git remote [-v | --verbose] show [-n] <name>
   or: git remote prune [-n | --dry-run] <name>
   or: git remote [-v | --verbose] update [-p | --prune] [(<group> | <remote>)...]
   or: git remote set-branches [--add] <name> <branch>...
   or: git remote get-url [--push] [--all] <name>
   or: git remote set-url [--push] <name> <newurl> [<oldurl>]
   or: git remote set-url --add <name> <newurl>
   or: git remote set-url --delete <name> <url>

    -v, --verbose         be verbose; must be placed before a subcommand

admin@Admins-MacBook-Pro-2 food_app % heroku git:remote -a rails-food-app
set git remote heroku to https://git.heroku.com/rails-food-app.git
admin@Admins-MacBook-Pro-2 food_app % git remote -v
heroku	https://git.heroku.com/rails-food-app.git (fetch)
heroku	https://git.heroku.com/rails-food-app.git (push)
origin	git@github.com:Laibanadeem065/food_app.git (fetch)
origin	git@github.com:Laibanadeem065/food_app.git (push)
admin@Admins-MacBook-Pro-2 food_app % git remote rename heroku live
admin@Admins-MacBook-Pro-2 food_app % git remote -v
live	https://git.heroku.com/rails-food-app.git (fetch)
live	https://git.heroku.com/rails-food-app.git (push)
origin	git@github.com:Laibanadeem065/food_app.git (fetch)
origin	git@github.com:Laibanadeem065/food_app.git (push)
admin@Admins-MacBook-Pro-2 food_app % git push live main
Enumerating objects: 230, done.
Counting objects: 100% (230/230), done.
Delta compression using up to 4 threads
Compressing objects: 100% (210/210), done.
Writing objects: 100% (230/230), 8.70 MiB | 3.16 MiB/s, done.
Total 230 (delta 23), reused 0 (delta 0), pack-reused 0
remote: Resolving deltas: 100% (23/23), done.
remote: Updated 199 paths from 6f6a732
remote: Compressing source files... done.
remote: Building source:
remote: 
remote: -----> Building on the Heroku-22 stack
remote: -----> Determining which buildpack to use for this app
remote: -----> Ruby app detected
remote: -----> Installing bundler 2.3.25
remote: -----> Removing BUNDLED WITH version in the Gemfile.lock
remote: -----> Compiling Ruby/Rails
remote: -----> Using Ruby version: ruby-3.2.2
remote: -----> Installing dependencies using bundler 2.3.25
remote:        Running: BUNDLE_WITHOUT='development:test' BUNDLE_PATH=vendor/bundle BUNDLE_BIN=vendor/bundle/bin BUNDLE_DEPLOYMENT=1 bundle install -j4
remote:        Your bundle only supports platforms ["x86_64-darwin-21"] but your local platform
remote:        is x86_64-linux. Add the current platform to the lockfile with
remote:        `bundle lock --add-platform x86_64-linux` and try again.
remote:        Bundler Output: Your bundle only supports platforms ["x86_64-darwin-21"] but your local platform
remote:        is x86_64-linux. Add the current platform to the lockfile with
remote:        `bundle lock --add-platform x86_64-linux` and try again.
remote: 
remote:  !
remote:  !     Failed to install gems via Bundler.
remote:  !
remote:  !     Push rejected, failed to compile Ruby app.
remote: 
remote:  !     Push failed
remote: Verifying deploy...
remote: 
remote: !	Push rejected to rails-food-app.
remote: 
To https://git.heroku.com/rails-food-app.git
 ! [remote rejected] main -> main (pre-receive hook declined)
error: failed to push some refs to 'https://git.heroku.com/rails-food-app.git'
admin@Admins-MacBook-Pro-2 food_app % heroku open
admin@Admins-MacBook-Pro-2 food_app % heroku logs
2023-08-07T13:59:40.561806+00:00 app[api]: Initial release by user itslaibasheikh065@gmail.com
2023-08-07T13:59:40.561806+00:00 app[api]: Release v1 created by user itslaibasheikh065@gmail.com
2023-08-07T13:59:40.691560+00:00 app[api]: Enable Logplex by user itslaibasheikh065@gmail.com
2023-08-07T13:59:40.691560+00:00 app[api]: Release v2 created by user itslaibasheikh065@gmail.com
2023-08-07T14:02:53.000000+00:00 app[api]: Build started by user itslaibasheikh065@gmail.com
2023-08-07T14:02:57.000000+00:00 app[api]: Build failed -- check your build output: https://dashboard.heroku.com/apps/d667ca2e-a5a6-48de-a4bf-ad69ef5454fb/activity/builds/bda1a037-fcd7-4ff2-80fa-5e3f590dc977
2023-08-07T14:03:47.174146+00:00 heroku[router]: at=info code=H81 desc="Blank app" method=GET path="/" host=rails-food-app-5eb10e331db8.herokuapp.com request_id=ab7f09d5-3784-4e27-bc81-207a7ab8e022 fwd="39.62.0.144" dyno= connect= service= status=502 bytes= protocol=https
2023-08-07T14:03:47.462168+00:00 heroku[router]: at=info code=H81 desc="Blank app" method=GET path="/favicon.ico" host=rails-food-app-5eb10e331db8.herokuapp.com request_id=6fa8a516-a39f-4768-b2d6-425ed24db676 fwd="39.62.0.144" dyno= connect= service= status=502 bytes= protocol=https
admin@Admins-MacBook-Pro-2 food_app % git remote -v
live	https://git.heroku.com/rails-food-app.git (fetch)
live	https://git.heroku.com/rails-food-app.git (push)
origin	git@github.com:Laibanadeem065/food_app.git (fetch)
origin	git@github.com:Laibanadeem065/food_app.git (push)
admin@Admins-MacBook-Pro-2 food_app % git remote remove live
admin@Admins-MacBook-Pro-2 food_app % git remote -v
origin	git@github.com:Laibanadeem065/food_app.git (fetch)
origin	git@github.com:Laibanadeem065/food_app.git (push)
admin@Admins-MacBook-Pro-2 food_app % git status
On branch main
Your branch is up to date with 'origin/main'.

nothing to commit, working tree clean
admin@Admins-MacBook-Pro-2 food_app % git log
commit 14c0fb6b5497c073c0cdd3d8f1bf816ff7f1646e (HEAD -> main, origin/main)
Author: laibandeem065 <itslaibasheikh065@gmail.com>
Date:   Mon Aug 7 16:31:23 2023 +0500

    init
admin@Admins-MacBook-Pro-2 food_app % heroku create food-app-rails
Creating ⬢ food-app-rails... done
https://food-app-rails-9f46aca95ff0.herokuapp.com/ | https://git.heroku.com/food-app-rails.git
admin@Admins-MacBook-Pro-2 food_app % git remote -v
heroku	https://git.heroku.com/food-app-rails.git (fetch)
heroku	https://git.heroku.com/food-app-rails.git (push)
origin	git@github.com:Laibanadeem065/food_app.git (fetch)
origin	git@github.com:Laibanadeem065/food_app.git (push)
admin@Admins-MacBook-Pro-2 food_app % heroku open
admin@Admins-MacBook-Pro-2 food_app % git push heroku main
Enumerating objects: 230, done.
Counting objects: 100% (230/230), done.
Delta compression using up to 4 threads
Compressing objects: 100% (210/210), done.
Writing objects: 100% (230/230), 8.70 MiB | 2.95 MiB/s, done.
Total 230 (delta 23), reused 0 (delta 0), pack-reused 0
remote: Resolving deltas: 100% (23/23), done.
remote: Updated 199 paths from 6f6a732
remote: Compressing source files... done.
remote: Building source:
remote: 
remote: -----> Building on the Heroku-22 stack
remote: -----> Determining which buildpack to use for this app
remote: -----> Ruby app detected
remote: -----> Installing bundler 2.3.25
remote: -----> Removing BUNDLED WITH version in the Gemfile.lock
remote: -----> Compiling Ruby/Rails
remote: -----> Using Ruby version: ruby-3.2.2
remote: -----> Installing dependencies using bundler 2.3.25
remote:        Running: BUNDLE_WITHOUT='development:test' BUNDLE_PATH=vendor/bundle BUNDLE_BIN=vendor/bundle/bin BUNDLE_DEPLOYMENT=1 bundle install -j4
remote:        Your bundle only supports platforms ["x86_64-darwin-21"] but your local platform
remote:        is x86_64-linux. Add the current platform to the lockfile with
remote:        `bundle lock --add-platform x86_64-linux` and try again.
remote:        Bundler Output: Your bundle only supports platforms ["x86_64-darwin-21"] but your local platform
remote:        is x86_64-linux. Add the current platform to the lockfile with
remote:        `bundle lock --add-platform x86_64-linux` and try again.
remote: 
remote:  !
remote:  !     Failed to install gems via Bundler.
remote:  !
remote:  !     Push rejected, failed to compile Ruby app.
remote: 
remote:  !     Push failed
remote: Verifying deploy...
remote: 
remote: !	Push rejected to food-app-rails.
remote: 
To https://git.heroku.com/food-app-rails.git
 ! [remote rejected] main -> main (pre-receive hook declined)
error: failed to push some refs to 'https://git.heroku.com/food-app-rails.git'
admin@Admins-MacBook-Pro-2 food_app % bundle update
Fetching gem metadata from https://rubygems.org/...........
Resolving dependencies...
Using rake 13.0.6
Using concurrent-ruby 1.2.2
Using builder 3.2.4
Using erubi 1.12.0
Using racc 1.7.1
Fetching minitest 5.19.0 (was 5.18.1)
Using nio4r 2.5.9
Fetching rack 2.2.8 (was 2.2.7)
Using crass 1.0.6
Using websocket-extensions 0.1.5
Using marcel 1.0.2
Using date 3.3.3
Fetching mini_mime 1.1.5 (was 1.1.2)
Using timeout 0.4.0 (was 0.3.2)
Using public_suffix 5.0.3 (was 5.0.1)
Using execjs 2.8.1
Using bcrypt 3.1.19 (was 3.1.18)
Using bindex 0.8.1
Using msgpack 1.7.2 (was 1.7.1)
Using popper_js 2.11.7
Using method_source 1.0.0
Using thor 1.2.2
Fetching zeitwerk 2.6.11 (was 2.6.8)
Installing mini_mime 1.1.5 (was 1.1.2)
Installing zeitwerk 2.6.11 (was 2.6.8)
Using ffi 1.15.5
Using tilt 2.2.0
Using bundler 2.4.10
Using matrix 0.4.2
Using regexp_parser 2.8.1
Using io-console 0.6.0
Using orm_adapter 0.5.0
Using pg 1.5.3
Using rubyzip 2.3.2
Using websocket 1.2.9
Fetching rexml 3.2.6 (was 3.2.5)
Using i18n 1.14.1
Using tzinfo 2.0.6
Using nokogiri 1.15.3 (x86_64-darwin) (was 1.15.2)
Using puma 5.6.6
Fetching websocket-driver 0.7.6 (was 0.7.5)
Installing minitest 5.19.0 (was 5.18.1)
Installing rack 2.2.8 (was 2.2.7)
Using net-protocol 0.2.1
Fetching addressable 2.8.5 (was 2.8.4)
Installing websocket-driver 0.7.6 (was 0.7.5) with native extensions
Installing rexml 3.2.6 (was 3.2.5)
Using autoprefixer-rails 10.4.13.0
Using bootsnap 1.16.0
Using sassc 2.4.0
Fetching reline 0.3.7 (was 0.3.5)
Using loofah 2.21.3
Using xpath 3.2.0
Using activesupport 7.0.6 (was 7.0.5)
Fetching net-imap 0.3.7 (was 0.3.6)
Installing addressable 2.8.5 (was 2.8.4)
Using net-pop 0.1.2
Using net-smtp 0.3.3
Using rack-test 2.1.0
Using sprockets 4.2.0
Using warden 1.2.9
Fetching font-awesome-sass 6.4.2 (was 6.4.0)
Installing reline 0.3.7 (was 0.3.5)
Installing net-imap 0.3.7 (was 0.3.6)
Using selenium-webdriver 4.10.0
Using rails-html-sanitizer 1.6.0
Fetching rails-dom-testing 2.2.0 (was 2.0.3)
Using globalid 1.1.0
Using activemodel 7.0.6 (was 7.0.5)
Fetching pundit 2.3.1 (was 2.3.0)
Installing pundit 2.3.1 (was 2.3.0)
Installing rails-dom-testing 2.2.0 (was 2.0.3)
Using capybara 3.39.2
Using irb 1.7.4 (was 1.7.0)
Fetching webdrivers 5.3.1 (was 5.2.0)
Using activejob 7.0.6 (was 7.0.5)
Using mail 2.8.1
Using activerecord 7.0.6 (was 7.0.5)
Using debug 1.8.0
Using actionview 7.0.6 (was 7.0.5)
Using actionpack 7.0.6 (was 7.0.5)
Using jbuilder 2.11.5
Using activestorage 7.0.6 (was 7.0.5)
Using actionmailer 7.0.6 (was 7.0.5)
Using railties 7.0.6 (was 7.0.5)
Using sprockets-rails 3.4.2
Using actionmailbox 7.0.6 (was 7.0.5)
Using actiontext 7.0.6 (was 7.0.5)
Using responders 3.1.0
Using importmap-rails 1.2.1
Fetching stimulus-rails 1.2.2 (was 1.2.1)
Installing font-awesome-sass 6.4.2 (was 6.4.0)
Installing webdrivers 5.3.1 (was 5.2.0)
Using turbo-rails 1.4.0
Using web-console 4.2.0
Using sassc-rails 2.1.2
Using devise 4.9.2
Using bootstrap 5.3.0.alpha3
Installing stimulus-rails 1.2.2 (was 1.2.1)
Using actioncable 7.0.6 (was 7.0.5)
Using rails 7.0.6 (was 7.0.5)
Bundle updated!
Post-install message from webdrivers:
Webdrivers gem update options
*****************************

Selenium itself now manages drivers by default: https://www.selenium.dev/documentation/selenium_manager
* If you are using Ruby 3+ — please update to Selenium 4.11+ and stop requiring this gem
* If you are using Ruby 2.6+ and Selenium 4.0+ — this version will work for now
* If you use Ruby < 2.6 or Selenium 3, a 6.0 version of this gem with additional support is planned

Restrict your gemfile to "webdrivers", "= 5.3.0" to stop seeing this message
admin@Admins-MacBook-Pro-2 food_app % `bundle lock --add-platform x86_64-linux`
zsh: command not found: Fetching
admin@Admins-MacBook-Pro-2 food_app % bundle lock --add-platform x86_64-linux
Writing lockfile to /Users/admin/Desktop/food_app/Gemfile.lock
admin@Admins-MacBook-Pro-2 food_app % gd
zsh: command not found: gd
admin@Admins-MacBook-Pro-2 food_app % git add .
admin@Admins-MacBook-Pro-2 food_app % git commit -m "add platform x86_64-linux"
[main 50465fe] add platform x86_64-linux
 1 file changed, 80 insertions(+), 76 deletions(-)
admin@Admins-MacBook-Pro-2 food_app % git push heroku main
Enumerating objects: 233, done.
Counting objects: 100% (233/233), done.
Delta compression using up to 4 threads
Compressing objects: 100% (213/213), done.
Writing objects: 100% (233/233), 8.70 MiB | 2.43 MiB/s, done.
Total 233 (delta 24), reused 0 (delta 0), pack-reused 0
remote: Resolving deltas: 100% (24/24), done.
remote: Updated 199 paths from e4d8c45
remote: Compressing source files... done.
remote: Building source:
remote: 
remote: -----> Building on the Heroku-22 stack
remote: -----> Determining which buildpack to use for this app
remote: -----> Ruby app detected
remote: -----> Installing bundler 2.3.25
remote: -----> Removing BUNDLED WITH version in the Gemfile.lock
remote: -----> Compiling Ruby/Rails
remote: -----> Using Ruby version: ruby-3.2.2
remote: -----> Installing dependencies using bundler 2.3.25
remote:        Running: BUNDLE_WITHOUT='development:test' BUNDLE_PATH=vendor/bundle BUNDLE_BIN=vendor/bundle/bin BUNDLE_DEPLOYMENT=1 bundle install -j4
remote:        Fetching gem metadata from https://rubygems.org/..........
remote:        Fetching rake 13.0.6
remote:        Installing rake 13.0.6
remote:        Fetching concurrent-ruby 1.2.2
remote:        Fetching minitest 5.19.0
remote:        Fetching builder 3.2.4
remote:        Fetching erubi 1.12.0
remote:        Installing minitest 5.19.0
remote:        Installing erubi 1.12.0
remote:        Fetching racc 1.7.1
remote:        Installing concurrent-ruby 1.2.2
remote:        Fetching crass 1.0.6
remote:        Installing builder 3.2.4
remote:        Fetching rack 2.2.8
remote:        Installing crass 1.0.6
remote:        Installing racc 1.7.1 with native extensions
remote:        Fetching websocket-extensions 0.1.5
remote:        Fetching nio4r 2.5.9
remote:        Installing rack 2.2.8
remote:        Installing websocket-extensions 0.1.5
remote:        Fetching marcel 1.0.2
remote:        Installing nio4r 2.5.9 with native extensions
remote:        Fetching mini_mime 1.1.5
remote:        Installing marcel 1.0.2
remote:        Using date 3.3.3
remote:        Installing mini_mime 1.1.5
remote:        Fetching timeout 0.4.0
remote:        Fetching execjs 2.8.1
remote:        Installing execjs 2.8.1
remote:        Installing timeout 0.4.0
remote:        Fetching msgpack 1.7.2
remote:        Fetching bcrypt 3.1.19
remote:        Installing msgpack 1.7.2 with native extensions
remote:        Installing bcrypt 3.1.19 with native extensions
remote:        Fetching popper_js 2.11.7
remote:        Installing popper_js 2.11.7
remote:        Fetching method_source 1.0.0
remote:        Installing method_source 1.0.0
remote:        Fetching thor 1.2.2
remote:        Installing thor 1.2.2
remote:        Fetching zeitwerk 2.6.11
remote:        Installing zeitwerk 2.6.11
remote:        Fetching ffi 1.15.5
remote:        Installing ffi 1.15.5 with native extensions
remote:        Fetching tilt 2.2.0
remote:        Installing tilt 2.2.0
remote:        Using bundler 2.4.10
remote:        Fetching orm_adapter 0.5.0
remote:        Installing orm_adapter 0.5.0
remote:        Fetching pg 1.5.3
remote:        Installing pg 1.5.3 with native extensions
remote:        Fetching i18n 1.14.1
remote:        Installing i18n 1.14.1
remote:        Fetching tzinfo 2.0.6
remote:        Installing tzinfo 2.0.6
remote:        Fetching websocket-driver 0.7.6
remote:        Installing websocket-driver 0.7.6 with native extensions
remote:        Fetching rack-test 2.1.0
remote:        Installing rack-test 2.1.0
remote:        Fetching sprockets 4.2.0
remote:        Installing sprockets 4.2.0
remote:        Fetching warden 1.2.9
remote:        Installing warden 1.2.9
remote:        Using net-protocol 0.2.1
remote:        Fetching autoprefixer-rails 10.4.13.0
remote:        Installing autoprefixer-rails 10.4.13.0
remote:        Fetching nokogiri 1.15.3 (x86_64-linux)
remote:        Installing nokogiri 1.15.3 (x86_64-linux)
remote:        Fetching puma 5.6.6
remote:        Installing puma 5.6.6 with native extensions
remote:        Fetching activesupport 7.0.6
remote:        Installing activesupport 7.0.6
remote:        Fetching net-imap 0.3.7
remote:        Installing net-imap 0.3.7
remote:        Fetching net-pop 0.1.2
remote:        Installing net-pop 0.1.2
remote:        Fetching net-smtp 0.3.3
remote:        Installing net-smtp 0.3.3
remote:        Fetching loofah 2.21.3
remote:        Installing loofah 2.21.3
remote:        Fetching bootsnap 1.16.0
remote:        Installing bootsnap 1.16.0 with native extensions
remote:        Fetching rails-dom-testing 2.2.0
remote:        Installing rails-dom-testing 2.2.0
remote:        Fetching globalid 1.1.0
remote:        Installing globalid 1.1.0
remote:        Fetching activemodel 7.0.6
remote:        Installing activemodel 7.0.6
remote:        Fetching pundit 2.3.1
remote:        Installing pundit 2.3.1
remote:        Fetching mail 2.8.1
remote:        Installing mail 2.8.1
remote:        Fetching rails-html-sanitizer 1.6.0
remote:        Installing rails-html-sanitizer 1.6.0
remote:        Fetching activejob 7.0.6
remote:        Installing activejob 7.0.6
remote:        Fetching activerecord 7.0.6
remote:        Installing activerecord 7.0.6
remote:        Fetching actionview 7.0.6
remote:        Installing actionview 7.0.6
remote:        Fetching actionpack 7.0.6
remote:        Installing actionpack 7.0.6
remote:        Fetching jbuilder 2.11.5
remote:        Installing jbuilder 2.11.5
remote:        Fetching actioncable 7.0.6
remote:        Installing actioncable 7.0.6
remote:        Fetching activestorage 7.0.6
remote:        Installing activestorage 7.0.6
remote:        Fetching actionmailer 7.0.6
remote:        Installing actionmailer 7.0.6
remote:        Fetching railties 7.0.6
remote:        Installing railties 7.0.6
remote:        Fetching sprockets-rails 3.4.2
remote:        Installing sprockets-rails 3.4.2
remote:        Fetching actionmailbox 7.0.6
remote:        Installing actionmailbox 7.0.6
remote:        Fetching actiontext 7.0.6
remote:        Installing actiontext 7.0.6
remote:        Fetching responders 3.1.0
remote:        Installing responders 3.1.0
remote:        Fetching importmap-rails 1.2.1
remote:        Installing importmap-rails 1.2.1
remote:        Fetching stimulus-rails 1.2.2
remote:        Installing stimulus-rails 1.2.2
remote:        Fetching turbo-rails 1.4.0
remote:        Installing turbo-rails 1.4.0
remote:        Fetching rails 7.0.6
remote:        Installing rails 7.0.6
remote:        Fetching devise 4.9.2
remote:        Installing devise 4.9.2
remote:        Fetching sassc 2.4.0
remote:        Installing sassc 2.4.0 with native extensions
remote:        Fetching sassc-rails 2.1.2
remote:        Fetching font-awesome-sass 6.4.2
remote:        Installing font-awesome-sass 6.4.2
remote:        Installing sassc-rails 2.1.2
remote:        Fetching bootstrap 5.3.0.alpha3
remote:        Installing bootstrap 5.3.0.alpha3
remote:        Bundle complete! 19 Gemfile dependencies, 70 gems now installed.
remote:        Gems in the groups 'development' and 'test' were not installed.
remote:        Bundled gems are installed into `./vendor/bundle`
remote:        Post-install message from devise:
remote:        
remote:        [DEVISE] Please review the [changelog] and [upgrade guide] for more info on Hotwire / Turbo integration.
remote:        
remote:          [changelog] https://github.com/heartcombo/devise/blob/main/CHANGELOG.md
remote:          [upgrade guide] https://github.com/heartcombo/devise/wiki/How-To:-Upgrade-to-Devise-4.9.0-%5BHotwire-Turbo-integration%5D
remote:          
remote:        Bundle completed (75.10s)
remote:        Cleaning up the bundler cache.
remote:        Removing bundler (2.3.25)
remote: -----> Installing node-v16.18.1-linux-x64
remote: -----> Detecting rake tasks
remote: -----> Preparing app for Rails asset pipeline
remote:        Running: rake assets:precompile
remote:        I, [2023-08-09T16:19:39.341938 #1353]  INFO -- : Writing /tmp/build_a81c0ec8/public/assets/manifest-b84bfa46a33d7f0dc4d2e7b8889486c9a957a5e40713d58f54be71b66954a1ff.js
remote:        I, [2023-08-09T16:19:39.342133 #1353]  INFO -- : Writing /tmp/build_a81c0ec8/public/assets/manifest-b84bfa46a33d7f0dc4d2e7b8889486c9a957a5e40713d58f54be71b66954a1ff.js.gz
remote:        I, [2023-08-09T16:19:39.342379 #1353]  INFO -- : Writing /tmp/build_a81c0ec8/public/assets/194-67ae9588756c94e85451fbf5362b28bc55c406ace7d851cb2d645e76e8af4218.jpg
remote:        I, [2023-08-09T16:19:39.344691 #1353]  INFO -- : Writing /tmp/build_a81c0ec8/public/assets/about-6e51c3a39a600ccc770bd17cfa339973e5cec7bd3c9db97f2c9c615a4dd95dbe.png
remote:        I, [2023-08-09T16:19:39.345879 #1353]  INFO -- : Writing /tmp/build_a81c0ec8/public/assets/burger2-2ed91d34af827fe5e0e9cff16c0ac7c2cc92be860217a1f664d6f44bf1732ca6.jpg
remote:        I, [2023-08-09T16:19:39.347795 #1353]  INFO -- : Writing /tmp/build_a81c0ec8/public/assets/burger3-c51b30421618d7f5fbd24de312718061531b199316f8d2c99b2ecf7accd50621.png
remote:        I, [2023-08-09T16:19:39.348846 #1353]  INFO -- : Writing /tmp/build_a81c0ec8/public/assets/burger4-d1eb94c842827fea68cfd4ea781f19c3f5841b770960712877aa1f637abefba8.png
remote:        I, [2023-08-09T16:19:39.352222 #1353]  INFO -- : Writing /tmp/build_a81c0ec8/public/assets/hotdog-0cd8b559e42e2cc28e0318afd16980f8f93f1c8be58b12bfda8dddc0a560137a.png
remote:        I, [2023-08-09T16:19:39.353149 #1353]  INFO -- : Writing /tmp/build_a81c0ec8/public/assets/pasta2-a3ac315f0dcdac3ab1bc6ceb8f73f4445752a100396401f170f7d47fff72cc7f.jpg
remote:        I, [2023-08-09T16:19:39.353753 #1353]  INFO -- : Writing /tmp/build_a81c0ec8/public/assets/pizza2-4d8f7efad51ba8378e9c8392f92b665265068d4d5c175da617b98f375def0c2b.jpg
remote:        I, [2023-08-09T16:19:39.354454 #1353]  INFO -- : Writing /tmp/build_a81c0ec8/public/assets/s1-6429e7353b51f6e3c47e1993542a635188f611efa8c55aaa18c4d9ed72ec0f0e.jpg
remote:        I, [2023-08-09T16:19:39.355227 #1353]  INFO -- : Writing /tmp/build_a81c0ec8/public/assets/white-65255803ab014a219031614ebc86170f4fa6ede537d71d73d80ecd5d74723780.jpg
remote:        I, [2023-08-09T16:19:39.356705 #1353]  INFO -- : Writing /tmp/build_a81c0ec8/public/assets/application-ea1882635fded845114539499f9b80f334dd71227c18e994d236773297e153b0.css
remote:        I, [2023-08-09T16:19:39.357043 #1353]  INFO -- : Writing /tmp/build_a81c0ec8/public/assets/application-ea1882635fded845114539499f9b80f334dd71227c18e994d236773297e153b0.css.gz
remote:        I, [2023-08-09T16:19:39.357418 #1353]  INFO -- : Writing /tmp/build_a81c0ec8/public/assets/white-65255803ab014a219031614ebc86170f4fa6ede537d71d73d80ecd5d74723780.jpg
remote:        I, [2023-08-09T16:19:39.359534 #1353]  INFO -- : Writing /tmp/build_a81c0ec8/public/assets/font-awesome/fa-solid-900-0171ef95151854d9eb1c8974fb7012781fe252414a21f3aab819ea20b322636c.woff2
remote:        I, [2023-08-09T16:19:39.359998 #1353]  INFO -- : Writing /tmp/build_a81c0ec8/public/assets/font-awesome/fa-solid-900-6af4872047610003813a03f05b1543a0f7582e943a22b2bdb395bad70dc3ec88.ttf
remote:        I, [2023-08-09T16:19:39.360492 #1353]  INFO -- : Writing /tmp/build_a81c0ec8/public/assets/font-awesome/fa-solid-900-6af4872047610003813a03f05b1543a0f7582e943a22b2bdb395bad70dc3ec88.ttf.gz
remote:        I, [2023-08-09T16:19:39.360848 #1353]  INFO -- : Writing /tmp/build_a81c0ec8/public/assets/font-awesome/fa-regular-400-483b59442c4fe8de7ad3bca2cc16877e71a655b65996e0475ae6e1b843eea3b3.woff2
remote:        I, [2023-08-09T16:19:39.361305 #1353]  INFO -- : Writing /tmp/build_a81c0ec8/public/assets/font-awesome/fa-regular-400-106ce4461549279d77cf663d6d8a470a79b2af199d9e7000deadf11a339b5c58.ttf
remote:        I, [2023-08-09T16:19:39.361738 #1353]  INFO -- : Writing /tmp/build_a81c0ec8/public/assets/font-awesome/fa-regular-400-106ce4461549279d77cf663d6d8a470a79b2af199d9e7000deadf11a339b5c58.ttf.gz
remote:        I, [2023-08-09T16:19:39.362118 #1353]  INFO -- : Writing /tmp/build_a81c0ec8/public/assets/font-awesome/fa-brands-400-42c6ccd2717a8509dd84c26181c64985ac29600b9d04d9b5a34b488fbf3075e1.woff2
remote:        I, [2023-08-09T16:19:39.362747 #1353]  INFO -- : Writing /tmp/build_a81c0ec8/public/assets/font-awesome/fa-brands-400-7cc4dacf54efa45acc99b5c23838ba51ce37656e9a07c95152108bbaf3363070.ttf
remote:        I, [2023-08-09T16:19:39.363231 #1353]  INFO -- : Writing /tmp/build_a81c0ec8/public/assets/font-awesome/fa-brands-400-7cc4dacf54efa45acc99b5c23838ba51ce37656e9a07c95152108bbaf3363070.ttf.gz
remote:        I, [2023-08-09T16:19:39.363562 #1353]  INFO -- : Writing /tmp/build_a81c0ec8/public/assets/gallery-c3a65b7fafd5f881cac31ea45c332a3ad3a6749b2c8b39bb2711dbdcf2a1df26.css
remote:        I, [2023-08-09T16:19:39.363830 #1353]  INFO -- : Writing /tmp/build_a81c0ec8/public/assets/gallery-c3a65b7fafd5f881cac31ea45c332a3ad3a6749b2c8b39bb2711dbdcf2a1df26.css.gz
remote:        I, [2023-08-09T16:19:39.364162 #1353]  INFO -- : Writing /tmp/build_a81c0ec8/public/assets/home-d78810f34468fe96a33435c7bb204f18f7a715c74a0dfa0a3354b4ca021b9f64.css
remote:        I, [2023-08-09T16:19:39.364464 #1353]  INFO -- : Writing /tmp/build_a81c0ec8/public/assets/home-d78810f34468fe96a33435c7bb204f18f7a715c74a0dfa0a3354b4ca021b9f64.css.gz
remote:        I, [2023-08-09T16:19:39.366090 #1353]  INFO -- : Writing /tmp/build_a81c0ec8/public/assets/items-7fa456dd2da27c333976d247c6160a3c2f74817dedfa0bbb8df84512c40b7e5e.css
remote:        I, [2023-08-09T16:19:39.366380 #1353]  INFO -- : Writing /tmp/build_a81c0ec8/public/assets/items-7fa456dd2da27c333976d247c6160a3c2f74817dedfa0bbb8df84512c40b7e5e.css.gz
remote:        I, [2023-08-09T16:19:39.367560 #1353]  INFO -- : Writing /tmp/build_a81c0ec8/public/assets/new_session-24e7ce3901dd82c753d77b725cb3b3144a5f92b403bcbde8ef5135e465fece7c.css
remote:        I, [2023-08-09T16:19:39.367853 #1353]  INFO -- : Writing /tmp/build_a81c0ec8/public/assets/new_session-24e7ce3901dd82c753d77b725cb3b3144a5f92b403bcbde8ef5135e465fece7c.css.gz
remote:        I, [2023-08-09T16:19:39.368489 #1353]  INFO -- : Writing /tmp/build_a81c0ec8/public/assets/orders-2e7dd277c19a669652c90c624c33745a2aaaf286f6671acba11905b41f6d4dda.css
remote:        I, [2023-08-09T16:19:39.368844 #1353]  INFO -- : Writing /tmp/build_a81c0ec8/public/assets/orders-2e7dd277c19a669652c90c624c33745a2aaaf286f6671acba11905b41f6d4dda.css.gz
remote:        I, [2023-08-09T16:19:39.369235 #1353]  INFO -- : Writing /tmp/build_a81c0ec8/public/assets/speciality-69c2b5cef5ac46510f320c6d02e04bef64516d89874515fd625291c56e1c008e.css
remote:        I, [2023-08-09T16:19:39.369516 #1353]  INFO -- : Writing /tmp/build_a81c0ec8/public/assets/speciality-69c2b5cef5ac46510f320c6d02e04bef64516d89874515fd625291c56e1c008e.css.gz
remote:        I, [2023-08-09T16:19:39.369868 #1353]  INFO -- : Writing /tmp/build_a81c0ec8/public/assets/application-c14115e1f018cca673390f43b2c3ee0be07335a265ab28c36337f5fa20ce40cf.js
remote:        I, [2023-08-09T16:19:39.370194 #1353]  INFO -- : Writing /tmp/build_a81c0ec8/public/assets/application-c14115e1f018cca673390f43b2c3ee0be07335a265ab28c36337f5fa20ce40cf.js.gz
remote:        I, [2023-08-09T16:19:39.370529 #1353]  INFO -- : Writing /tmp/build_a81c0ec8/public/assets/controllers/application-368d98631bccbf2349e0d4f8269afb3fe9625118341966de054759d96ea86c7e.js
remote:        I, [2023-08-09T16:19:39.370824 #1353]  INFO -- : Writing /tmp/build_a81c0ec8/public/assets/controllers/application-368d98631bccbf2349e0d4f8269afb3fe9625118341966de054759d96ea86c7e.js.gz
remote:        I, [2023-08-09T16:19:39.371145 #1353]  INFO -- : Writing /tmp/build_a81c0ec8/public/assets/controllers/hello_controller-549135e8e7c683a538c3d6d517339ba470fcfb79d62f738a0a089ba41851a554.js
remote:        I, [2023-08-09T16:19:39.371453 #1353]  INFO -- : Writing /tmp/build_a81c0ec8/public/assets/controllers/hello_controller-549135e8e7c683a538c3d6d517339ba470fcfb79d62f738a0a089ba41851a554.js.gz
remote:        I, [2023-08-09T16:19:39.371769 #1353]  INFO -- : Writing /tmp/build_a81c0ec8/public/assets/controllers/index-2db729dddcc5b979110e98de4b6720f83f91a123172e87281d5a58410fc43806.js
remote:        I, [2023-08-09T16:19:39.372071 #1353]  INFO -- : Writing /tmp/build_a81c0ec8/public/assets/controllers/index-2db729dddcc5b979110e98de4b6720f83f91a123172e87281d5a58410fc43806.js.gz
remote:        I, [2023-08-09T16:19:39.372468 #1353]  INFO -- : Writing /tmp/build_a81c0ec8/public/assets/item-260d83afa34b771201d3ea842ee27397d5460dd17f9db421a0e23e6451903a19.js
remote:        I, [2023-08-09T16:19:39.372766 #1353]  INFO -- : Writing /tmp/build_a81c0ec8/public/assets/item-260d83afa34b771201d3ea842ee27397d5460dd17f9db421a0e23e6451903a19.js.gz
remote:        I, [2023-08-09T16:19:39.373068 #1353]  INFO -- : Writing /tmp/build_a81c0ec8/public/assets/test-c1ea054ff9d0e6812f213228d8693d754a82d9d1a1d84c3286acd386e530defb.js
remote:        I, [2023-08-09T16:19:39.373334 #1353]  INFO -- : Writing /tmp/build_a81c0ec8/public/assets/test-c1ea054ff9d0e6812f213228d8693d754a82d9d1a1d84c3286acd386e530defb.js.gz
remote:        I, [2023-08-09T16:19:39.373736 #1353]  INFO -- : Writing /tmp/build_a81c0ec8/public/assets/turbo-4851a9a0b1d947e810dfd0448a72aef261d455183ebea681f4f28a73640a9ece.js
remote:        I, [2023-08-09T16:19:39.374026 #1353]  INFO -- : Writing /tmp/build_a81c0ec8/public/assets/turbo-4851a9a0b1d947e810dfd0448a72aef261d455183ebea681f4f28a73640a9ece.js.gz
remote:        I, [2023-08-09T16:19:39.374347 #1353]  INFO -- : Writing /tmp/build_a81c0ec8/public/assets/turbo.min-f309baafa3ae5ad6ccee3e7362118b87678d792db8e8ab466c4fa284dd3a4700.js
remote:        I, [2023-08-09T16:19:39.374633 #1353]  INFO -- : Writing /tmp/build_a81c0ec8/public/assets/turbo.min-f309baafa3ae5ad6ccee3e7362118b87678d792db8e8ab466c4fa284dd3a4700.js.gz
remote:        I, [2023-08-09T16:19:39.375045 #1353]  INFO -- : Writing /tmp/build_a81c0ec8/public/assets/turbo.min.js-8bc8f4a58d1c106d58dec8bef6c638ff12ff4d078f19d8ebd8c4277f4c9bc85a.map
remote:        I, [2023-08-09T16:19:39.375412 #1353]  INFO -- : Writing /tmp/build_a81c0ec8/public/assets/turbo.min.js-8bc8f4a58d1c106d58dec8bef6c638ff12ff4d078f19d8ebd8c4277f4c9bc85a.map.gz
remote:        I, [2023-08-09T16:19:39.376018 #1353]  INFO -- : Writing /tmp/build_a81c0ec8/public/assets/actiontext-28c61f5197c204db043317a8f8826a87ab31495b741f854d307ca36122deefce.js
remote:        I, [2023-08-09T16:19:39.376383 #1353]  INFO -- : Writing /tmp/build_a81c0ec8/public/assets/actiontext-28c61f5197c204db043317a8f8826a87ab31495b741f854d307ca36122deefce.js.gz
remote:        I, [2023-08-09T16:19:39.376755 #1353]  INFO -- : Writing /tmp/build_a81c0ec8/public/assets/trix-1563ff9c10f74e143b3ded40a8458497eaf2f87a648a5cbbfebdb7dec3447a5e.js
remote:        I, [2023-08-09T16:19:39.377499 #1353]  INFO -- : Writing /tmp/build_a81c0ec8/public/assets/trix-1563ff9c10f74e143b3ded40a8458497eaf2f87a648a5cbbfebdb7dec3447a5e.js.gz
remote:        I, [2023-08-09T16:19:39.378018 #1353]  INFO -- : Writing /tmp/build_a81c0ec8/public/assets/trix-b0398dade8e5ac249fe98f2e850f45adbcdfecd8a11c46b3eb67bdedb87b1b04.css
remote:        I, [2023-08-09T16:19:39.378319 #1353]  INFO -- : Writing /tmp/build_a81c0ec8/public/assets/trix-b0398dade8e5ac249fe98f2e850f45adbcdfecd8a11c46b3eb67bdedb87b1b04.css.gz
remote:        I, [2023-08-09T16:19:39.378675 #1353]  INFO -- : Writing /tmp/build_a81c0ec8/public/assets/es-module-shims-69d0cb4dc1d01c9dc2ed52f2ab66874fd545fe7e35c7841009b4e8c55f231dee.js
remote:        I, [2023-08-09T16:19:39.378996 #1353]  INFO -- : Writing /tmp/build_a81c0ec8/public/assets/es-module-shims-69d0cb4dc1d01c9dc2ed52f2ab66874fd545fe7e35c7841009b4e8c55f231dee.js.gz
remote:        I, [2023-08-09T16:19:39.379444 #1353]  INFO -- : Writing /tmp/build_a81c0ec8/public/assets/es-module-shims.min-4ca9b3dd5e434131e3bb4b0c1d7dff3bfd4035672a5086deec6f73979a49be73.js
remote:        I, [2023-08-09T16:19:39.379974 #1353]  INFO -- : Writing /tmp/build_a81c0ec8/public/assets/es-module-shims.min-4ca9b3dd5e434131e3bb4b0c1d7dff3bfd4035672a5086deec6f73979a49be73.js.gz
remote:        I, [2023-08-09T16:19:39.380362 #1353]  INFO -- : Writing /tmp/build_a81c0ec8/public/assets/es-module-shims.js-c69f1a5dd068dfc08a4cedc0ad77b792985bf256e162852bd03cdf764b666c4a.map
remote:        I, [2023-08-09T16:19:39.380731 #1353]  INFO -- : Writing /tmp/build_a81c0ec8/public/assets/es-module-shims.js-c69f1a5dd068dfc08a4cedc0ad77b792985bf256e162852bd03cdf764b666c4a.map.gz
remote:        I, [2023-08-09T16:19:39.381132 #1353]  INFO -- : Writing /tmp/build_a81c0ec8/public/assets/stimulus-f75215805563870a61ee9dc5a207ce46d4675c7e667558a54344fd1e7baa697f.js
remote:        I, [2023-08-09T16:19:39.381507 #1353]  INFO -- : Writing /tmp/build_a81c0ec8/public/assets/stimulus-f75215805563870a61ee9dc5a207ce46d4675c7e667558a54344fd1e7baa697f.js.gz
remote:        I, [2023-08-09T16:19:39.381968 #1353]  INFO -- : Writing /tmp/build_a81c0ec8/public/assets/stimulus-autoloader-c584942b568ba74879da31c7c3d51366737bacaf6fbae659383c0a5653685693.js
remote:        I, [2023-08-09T16:19:39.382308 #1353]  INFO -- : Writing /tmp/build_a81c0ec8/public/assets/stimulus-autoloader-c584942b568ba74879da31c7c3d51366737bacaf6fbae659383c0a5653685693.js.gz
remote:        I, [2023-08-09T16:19:39.382656 #1353]  INFO -- : Writing /tmp/build_a81c0ec8/public/assets/stimulus-importmap-autoloader-db2076c783bf2dbee1226e2add52fef290b5d31b5bcd1edd999ac8a6dd31c44a.js
remote:        I, [2023-08-09T16:19:39.383354 #1353]  INFO -- : Writing /tmp/build_a81c0ec8/public/assets/stimulus-importmap-autoloader-db2076c783bf2dbee1226e2add52fef290b5d31b5bcd1edd999ac8a6dd31c44a.js.gz
remote:        I, [2023-08-09T16:19:39.383683 #1353]  INFO -- : Writing /tmp/build_a81c0ec8/public/assets/stimulus-loading-3576ce92b149ad5d6959438c6f291e2426c86df3b874c525b30faad51b0d96b3.js
remote:        I, [2023-08-09T16:19:39.384048 #1353]  INFO -- : Writing /tmp/build_a81c0ec8/public/assets/stimulus-loading-3576ce92b149ad5d6959438c6f291e2426c86df3b874c525b30faad51b0d96b3.js.gz
remote:        I, [2023-08-09T16:19:39.384404 #1353]  INFO -- : Writing /tmp/build_a81c0ec8/public/assets/stimulus.min-dd364f16ec9504dfb72672295637a1c8838773b01c0b441bd41008124c407894.js
remote:        I, [2023-08-09T16:19:39.384662 #1353]  INFO -- : Writing /tmp/build_a81c0ec8/public/assets/stimulus.min-dd364f16ec9504dfb72672295637a1c8838773b01c0b441bd41008124c407894.js.gz
remote:        I, [2023-08-09T16:19:39.384956 #1353]  INFO -- : Writing /tmp/build_a81c0ec8/public/assets/stimulus-autoloader-c584942b568ba74879da31c7c3d51366737bacaf6fbae659383c0a5653685693.js
remote:        I, [2023-08-09T16:19:39.385278 #1353]  INFO -- : Writing /tmp/build_a81c0ec8/public/assets/stimulus-autoloader-c584942b568ba74879da31c7c3d51366737bacaf6fbae659383c0a5653685693.js.gz
remote:        I, [2023-08-09T16:19:39.385590 #1353]  INFO -- : Writing /tmp/build_a81c0ec8/public/assets/stimulus-importmap-autoloader-db2076c783bf2dbee1226e2add52fef290b5d31b5bcd1edd999ac8a6dd31c44a.js
remote:        I, [2023-08-09T16:19:39.385872 #1353]  INFO -- : Writing /tmp/build_a81c0ec8/public/assets/stimulus-importmap-autoloader-db2076c783bf2dbee1226e2add52fef290b5d31b5bcd1edd999ac8a6dd31c44a.js.gz
remote:        I, [2023-08-09T16:19:39.386170 #1353]  INFO -- : Writing /tmp/build_a81c0ec8/public/assets/stimulus-loading-3576ce92b149ad5d6959438c6f291e2426c86df3b874c525b30faad51b0d96b3.js
remote:        I, [2023-08-09T16:19:39.386451 #1353]  INFO -- : Writing /tmp/build_a81c0ec8/public/assets/stimulus-loading-3576ce92b149ad5d6959438c6f291e2426c86df3b874c525b30faad51b0d96b3.js.gz
remote:        I, [2023-08-09T16:19:39.386825 #1353]  INFO -- : Writing /tmp/build_a81c0ec8/public/assets/stimulus.min.js-2cc63625fa177963b45da974806e7aee846cbf1d4930815733d0fdf3fb232325.map
remote:        I, [2023-08-09T16:19:39.387135 #1353]  INFO -- : Writing /tmp/build_a81c0ec8/public/assets/stimulus.min.js-2cc63625fa177963b45da974806e7aee846cbf1d4930815733d0fdf3fb232325.map.gz
remote:        I, [2023-08-09T16:19:39.387664 #1353]  INFO -- : Writing /tmp/build_a81c0ec8/public/assets/font-awesome/fa-brands-400-7cc4dacf54efa45acc99b5c23838ba51ce37656e9a07c95152108bbaf3363070.ttf.gz
remote:        I, [2023-08-09T16:19:39.388192 #1353]  INFO -- : Writing /tmp/build_a81c0ec8/public/assets/font-awesome/fa-regular-400-106ce4461549279d77cf663d6d8a470a79b2af199d9e7000deadf11a339b5c58.ttf.gz
remote:        I, [2023-08-09T16:19:39.388920 #1353]  INFO -- : Writing /tmp/build_a81c0ec8/public/assets/font-awesome/fa-solid-900-6af4872047610003813a03f05b1543a0f7582e943a22b2bdb395bad70dc3ec88.ttf.gz
remote:        I, [2023-08-09T16:19:39.389748 #1353]  INFO -- : Writing /tmp/build_a81c0ec8/public/assets/activestorage-3ab61e47dd4ee2d79db525ade1dca2ede0ea2b7371fe587e408ee37b7ade265d.js
remote:        I, [2023-08-09T16:19:39.390116 #1353]  INFO -- : Writing /tmp/build_a81c0ec8/public/assets/activestorage-3ab61e47dd4ee2d79db525ade1dca2ede0ea2b7371fe587e408ee37b7ade265d.js.gz
remote:        I, [2023-08-09T16:19:39.390439 #1353]  INFO -- : Writing /tmp/build_a81c0ec8/public/assets/activestorage.esm-01f58a45d77495cdfbdfcc872902a430426c4391634ec9c3da5f69fbf8418492.js
remote:        I, [2023-08-09T16:19:39.390712 #1353]  INFO -- : Writing /tmp/build_a81c0ec8/public/assets/activestorage.esm-01f58a45d77495cdfbdfcc872902a430426c4391634ec9c3da5f69fbf8418492.js.gz
remote:        I, [2023-08-09T16:19:39.391093 #1353]  INFO -- : Writing /tmp/build_a81c0ec8/public/assets/actioncable-5433453f9b6619a9de91aaab2d7fc7ff183e5260c0107cbc9a1aa0c838d9a74e.js
remote:        I, [2023-08-09T16:19:39.391421 #1353]  INFO -- : Writing /tmp/build_a81c0ec8/public/assets/actioncable-5433453f9b6619a9de91aaab2d7fc7ff183e5260c0107cbc9a1aa0c838d9a74e.js.gz
remote:        I, [2023-08-09T16:19:39.391777 #1353]  INFO -- : Writing /tmp/build_a81c0ec8/public/assets/actioncable.esm-e01089c3ec4fe7817fa9abcad06cab6bdc387f95f0ca6aab4bf7ba7537f70690.js
remote:        I, [2023-08-09T16:19:39.392484 #1353]  INFO -- : Writing /tmp/build_a81c0ec8/public/assets/actioncable.esm-e01089c3ec4fe7817fa9abcad06cab6bdc387f95f0ca6aab4bf7ba7537f70690.js.gz
remote:        Asset precompilation completed (11.61s)
remote:        Cleaning assets
remote:        Running: rake assets:clean
remote: -----> Detecting rails configuration
remote: 
remote: ###### WARNING:
remote: 
remote:        Detecting rails configuration failed
remote:        set HEROKU_DEBUG_RAILS_RUNNER=1 to debug
remote: 
remote: ###### WARNING:
remote: 
remote:        No Procfile detected, using the default web server.
remote:        We recommend explicitly declaring how to boot your server process via a Procfile.
remote:        https://devcenter.heroku.com/articles/ruby-default-web-server
remote: 
remote: 
remote: -----> Discovering process types
remote:        Procfile declares types     -> (none)
remote:        Default types for buildpack -> console, rake, web
remote: 
remote: -----> Compressing...
remote:        Done: 93.4M
remote: -----> Launching...
remote:        Released v4
remote:        https://food-app-rails-9f46aca95ff0.herokuapp.com/ deployed to Heroku
remote: 
remote: Verifying deploy... done.
To https://git.heroku.com/food-app-rails.git
 * [new branch]      main -> main
admin@Admins-MacBook-Pro-2 food_app % heroku open
admin@Admins-MacBook-Pro-2 food_app % heroku logs --tail
2023-08-09T16:19:55.311463+00:00 app[web.1]: from /app/vendor/bundle/ruby/3.2.0/gems/rack-2.2.8/lib/rack/builder.rb:105:in `load_file'
2023-08-09T16:19:55.311463+00:00 app[web.1]: from /app/vendor/bundle/ruby/3.2.0/gems/rack-2.2.8/lib/rack/builder.rb:66:in `parse_file'
2023-08-09T16:19:55.311463+00:00 app[web.1]: from /app/vendor/bundle/ruby/3.2.0/gems/rack-2.2.8/lib/rack/server.rb:349:in `build_app_and_options_from_config'
2023-08-09T16:19:55.311463+00:00 app[web.1]: from /app/vendor/bundle/ruby/3.2.0/gems/rack-2.2.8/lib/rack/server.rb:249:in `app'
2023-08-09T16:19:55.311463+00:00 app[web.1]: from /app/vendor/bundle/ruby/3.2.0/gems/rack-2.2.8/lib/rack/server.rb:422:in `wrapped_app'
2023-08-09T16:19:55.311463+00:00 app[web.1]: from /app/vendor/bundle/ruby/3.2.0/gems/rack-2.2.8/lib/rack/server.rb:312:in `block in start'
2023-08-09T16:19:55.311464+00:00 app[web.1]: from /app/vendor/bundle/ruby/3.2.0/gems/rack-2.2.8/lib/rack/server.rb:379:in `handle_profiling'
2023-08-09T16:19:55.311464+00:00 app[web.1]: from /app/vendor/bundle/ruby/3.2.0/gems/rack-2.2.8/lib/rack/server.rb:311:in `start'
2023-08-09T16:19:55.311464+00:00 app[web.1]: from /app/vendor/bundle/ruby/3.2.0/gems/railties-7.0.6/lib/rails/commands/server/server_command.rb:38:in `start'
2023-08-09T16:19:55.311464+00:00 app[web.1]: from /app/vendor/bundle/ruby/3.2.0/gems/railties-7.0.6/lib/rails/commands/server/server_command.rb:143:in `block in perform'
2023-08-09T16:19:55.311464+00:00 app[web.1]: from <internal:kernel>:90:in `tap'
2023-08-09T16:19:55.311464+00:00 app[web.1]: from /app/vendor/bundle/ruby/3.2.0/gems/railties-7.0.6/lib/rails/commands/server/server_command.rb:134:in `perform'
2023-08-09T16:19:55.311464+00:00 app[web.1]: from /app/vendor/bundle/ruby/3.2.0/gems/thor-1.2.2/lib/thor/command.rb:27:in `run'
2023-08-09T16:19:55.311464+00:00 app[web.1]: from /app/vendor/bundle/ruby/3.2.0/gems/thor-1.2.2/lib/thor/invocation.rb:127:in `invoke_command'
2023-08-09T16:19:55.311464+00:00 app[web.1]: from /app/vendor/bundle/ruby/3.2.0/gems/thor-1.2.2/lib/thor.rb:392:in `dispatch'
2023-08-09T16:19:55.311464+00:00 app[web.1]: from /app/vendor/bundle/ruby/3.2.0/gems/railties-7.0.6/lib/rails/command/base.rb:87:in `perform'
2023-08-09T16:19:55.311465+00:00 app[web.1]: from /app/vendor/bundle/ruby/3.2.0/gems/railties-7.0.6/lib/rails/command.rb:48:in `invoke'
2023-08-09T16:19:55.311465+00:00 app[web.1]: from /app/vendor/bundle/ruby/3.2.0/gems/railties-7.0.6/lib/rails/commands.rb:18:in `<main>'
2023-08-09T16:19:55.311465+00:00 app[web.1]: from <internal:/app/vendor/ruby-3.2.2/lib/ruby/3.2.0/rubygems/core_ext/kernel_require.rb>:37:in `require'
2023-08-09T16:19:55.311465+00:00 app[web.1]: from <internal:/app/vendor/ruby-3.2.2/lib/ruby/3.2.0/rubygems/core_ext/kernel_require.rb>:37:in `require'
2023-08-09T16:19:55.311465+00:00 app[web.1]: from /app/vendor/bundle/ruby/3.2.0/gems/bootsnap-1.16.0/lib/bootsnap/load_path_cache/core_ext/kernel_require.rb:32:in `require'
2023-08-09T16:19:55.311465+00:00 app[web.1]: from bin/rails:4:in `<main>'
2023-08-09T16:19:55.460384+00:00 heroku[web.1]: Process exited with status 1
2023-08-09T16:19:55.494553+00:00 heroku[web.1]: State changed from starting to crashed
2023-08-09T16:19:55.499176+00:00 heroku[web.1]: State changed from crashed to starting
2023-08-09T16:19:59.087083+00:00 heroku[web.1]: Starting process with command `bin/rails server -p ${PORT:-5000} -e production`
2023-08-09T16:20:00.903550+00:00 app[web.1]: => Booting Puma
2023-08-09T16:20:00.903588+00:00 app[web.1]: => Rails 7.0.6 application starting in production
2023-08-09T16:20:00.903588+00:00 app[web.1]: => Run `bin/rails server --help` for more startup options
2023-08-09T16:20:01.465124+00:00 app[web.1]: Exiting
2023-08-09T16:20:01.481896+00:00 app[web.1]: <internal:/app/vendor/ruby-3.2.2/lib/ruby/3.2.0/rubygems/core_ext/kernel_require.rb>:37:in `require': --> /app/app/policies/user_policy.rb
2023-08-09T16:20:01.481906+00:00 app[web.1]: Unmatched keyword, missing `end' ?
2023-08-09T16:20:01.481906+00:00 app[web.1]: 1  class UserPolicy < ApplicationPolicy
2023-08-09T16:20:01.481907+00:00 app[web.1]: > 2    class Scope < Scope
2023-08-09T16:20:01.481907+00:00 app[web.1]: 6  end
2023-08-09T16:20:01.481908+00:00 app[web.1]: /app/app/policies/user_policy.rb:6: syntax error, unexpected end-of-input (SyntaxError)
2023-08-09T16:20:01.481908+00:00 app[web.1]: from <internal:/app/vendor/ruby-3.2.2/lib/ruby/3.2.0/rubygems/core_ext/kernel_require.rb>:37:in `require'
2023-08-09T16:20:01.481908+00:00 app[web.1]: from /app/vendor/bundle/ruby/3.2.0/gems/bootsnap-1.16.0/lib/bootsnap/load_path_cache/core_ext/kernel_require.rb:32:in `require'
2023-08-09T16:20:01.481909+00:00 app[web.1]: from /app/vendor/bundle/ruby/3.2.0/gems/zeitwerk-2.6.11/lib/zeitwerk/kernel.rb:30:in `require'
2023-08-09T16:20:01.481909+00:00 app[web.1]: from /app/vendor/bundle/ruby/3.2.0/gems/zeitwerk-2.6.11/lib/zeitwerk/loader/helpers.rb:135:in `const_get'
2023-08-09T16:20:01.481909+00:00 app[web.1]: from /app/vendor/bundle/ruby/3.2.0/gems/zeitwerk-2.6.11/lib/zeitwerk/loader/helpers.rb:135:in `cget'
2023-08-09T16:20:01.481910+00:00 app[web.1]: from /app/vendor/bundle/ruby/3.2.0/gems/zeitwerk-2.6.11/lib/zeitwerk/loader/eager_load.rb:175:in `block in actual_eager_load_dir'
2023-08-09T16:20:01.481910+00:00 app[web.1]: from /app/vendor/bundle/ruby/3.2.0/gems/zeitwerk-2.6.11/lib/zeitwerk/loader/helpers.rb:40:in `block in ls'
2023-08-09T16:20:01.481910+00:00 app[web.1]: from /app/vendor/bundle/ruby/3.2.0/gems/zeitwerk-2.6.11/lib/zeitwerk/loader/helpers.rb:25:in `each'
2023-08-09T16:20:01.481910+00:00 app[web.1]: from /app/vendor/bundle/ruby/3.2.0/gems/zeitwerk-2.6.11/lib/zeitwerk/loader/helpers.rb:25:in `ls'
2023-08-09T16:20:01.481911+00:00 app[web.1]: from /app/vendor/bundle/ruby/3.2.0/gems/zeitwerk-2.6.11/lib/zeitwerk/loader/eager_load.rb:170:in `actual_eager_load_dir'
2023-08-09T16:20:01.481911+00:00 app[web.1]: from /app/vendor/bundle/ruby/3.2.0/gems/zeitwerk-2.6.11/lib/zeitwerk/loader/eager_load.rb:17:in `block (2 levels) in eager_load'
2023-08-09T16:20:01.481911+00:00 app[web.1]: from /app/vendor/bundle/ruby/3.2.0/gems/zeitwerk-2.6.11/lib/zeitwerk/loader/eager_load.rb:16:in `each'
2023-08-09T16:20:01.481911+00:00 app[web.1]: from /app/vendor/bundle/ruby/3.2.0/gems/zeitwerk-2.6.11/lib/zeitwerk/loader/eager_load.rb:16:in `block in eager_load'
2023-08-09T16:20:01.481912+00:00 app[web.1]: from /app/vendor/bundle/ruby/3.2.0/gems/zeitwerk-2.6.11/lib/zeitwerk/loader/eager_load.rb:10:in `synchronize'
2023-08-09T16:20:01.481912+00:00 app[web.1]: from /app/vendor/bundle/ruby/3.2.0/gems/zeitwerk-2.6.11/lib/zeitwerk/loader/eager_load.rb:10:in `eager_load'
2023-08-09T16:20:01.481912+00:00 app[web.1]: from /app/vendor/bundle/ruby/3.2.0/gems/zeitwerk-2.6.11/lib/zeitwerk/loader.rb:379:in `block in eager_load_all'
2023-08-09T16:20:01.481912+00:00 app[web.1]: from /app/vendor/bundle/ruby/3.2.0/gems/zeitwerk-2.6.11/lib/zeitwerk/loader.rb:377:in `each'
2023-08-09T16:20:01.481912+00:00 app[web.1]: from /app/vendor/bundle/ruby/3.2.0/gems/zeitwerk-2.6.11/lib/zeitwerk/loader.rb:377:in `eager_load_all'
2023-08-09T16:20:01.481912+00:00 app[web.1]: from /app/vendor/bundle/ruby/3.2.0/gems/railties-7.0.6/lib/rails/application/finisher.rb:74:in `block in <module:Finisher>'
2023-08-09T16:20:01.481913+00:00 app[web.1]: from /app/vendor/bundle/ruby/3.2.0/gems/railties-7.0.6/lib/rails/initializable.rb:32:in `instance_exec'
2023-08-09T16:20:01.481913+00:00 app[web.1]: from /app/vendor/bundle/ruby/3.2.0/gems/railties-7.0.6/lib/rails/initializable.rb:32:in `run'
2023-08-09T16:20:01.481913+00:00 app[web.1]: from /app/vendor/bundle/ruby/3.2.0/gems/railties-7.0.6/lib/rails/initializable.rb:61:in `block in run_initializers'
2023-08-09T16:20:01.481913+00:00 app[web.1]: from /app/vendor/ruby-3.2.2/lib/ruby/3.2.0/tsort.rb:228:in `block in tsort_each'
2023-08-09T16:20:01.481913+00:00 app[web.1]: from /app/vendor/ruby-3.2.2/lib/ruby/3.2.0/tsort.rb:350:in `block (2 levels) in each_strongly_connected_component'
2023-08-09T16:20:01.481913+00:00 app[web.1]: from /app/vendor/ruby-3.2.2/lib/ruby/3.2.0/tsort.rb:431:in `each_strongly_connected_component_from'
2023-08-09T16:20:01.481913+00:00 app[web.1]: from /app/vendor/ruby-3.2.2/lib/ruby/3.2.0/tsort.rb:349:in `block in each_strongly_connected_component'
2023-08-09T16:20:01.481914+00:00 app[web.1]: from /app/vendor/ruby-3.2.2/lib/ruby/3.2.0/tsort.rb:347:in `each'
2023-08-09T16:20:01.481914+00:00 app[web.1]: from /app/vendor/ruby-3.2.2/lib/ruby/3.2.0/tsort.rb:347:in `call'
2023-08-09T16:20:01.481914+00:00 app[web.1]: from /app/vendor/ruby-3.2.2/lib/ruby/3.2.0/tsort.rb:347:in `each_strongly_connected_component'
2023-08-09T16:20:01.481914+00:00 app[web.1]: from /app/vendor/ruby-3.2.2/lib/ruby/3.2.0/tsort.rb:226:in `tsort_each'
2023-08-09T16:20:01.481914+00:00 app[web.1]: from /app/vendor/ruby-3.2.2/lib/ruby/3.2.0/tsort.rb:205:in `tsort_each'
2023-08-09T16:20:01.481915+00:00 app[web.1]: from /app/vendor/bundle/ruby/3.2.0/gems/railties-7.0.6/lib/rails/initializable.rb:60:in `run_initializers'
2023-08-09T16:20:01.481915+00:00 app[web.1]: from /app/vendor/bundle/ruby/3.2.0/gems/railties-7.0.6/lib/rails/application.rb:372:in `initialize!'
2023-08-09T16:20:01.481915+00:00 app[web.1]: from /app/config/environment.rb:5:in `<main>'
2023-08-09T16:20:01.481915+00:00 app[web.1]: from config.ru:3:in `require_relative'
2023-08-09T16:20:01.481915+00:00 app[web.1]: from config.ru:3:in `block in <main>'
2023-08-09T16:20:01.481915+00:00 app[web.1]: from /app/vendor/bundle/ruby/3.2.0/gems/rack-2.2.8/lib/rack/builder.rb:116:in `eval'
2023-08-09T16:20:01.481916+00:00 app[web.1]: from /app/vendor/bundle/ruby/3.2.0/gems/rack-2.2.8/lib/rack/builder.rb:116:in `new_from_string'
2023-08-09T16:20:01.481921+00:00 app[web.1]: from /app/vendor/bundle/ruby/3.2.0/gems/rack-2.2.8/lib/rack/builder.rb:105:in `load_file'
2023-08-09T16:20:01.481921+00:00 app[web.1]: from /app/vendor/bundle/ruby/3.2.0/gems/rack-2.2.8/lib/rack/builder.rb:66:in `parse_file'
2023-08-09T16:20:01.481921+00:00 app[web.1]: from /app/vendor/bundle/ruby/3.2.0/gems/rack-2.2.8/lib/rack/server.rb:349:in `build_app_and_options_from_config'
2023-08-09T16:20:01.481921+00:00 app[web.1]: from /app/vendor/bundle/ruby/3.2.0/gems/rack-2.2.8/lib/rack/server.rb:249:in `app'
2023-08-09T16:20:01.481921+00:00 app[web.1]: from /app/vendor/bundle/ruby/3.2.0/gems/rack-2.2.8/lib/rack/server.rb:422:in `wrapped_app'
2023-08-09T16:20:01.481922+00:00 app[web.1]: from /app/vendor/bundle/ruby/3.2.0/gems/rack-2.2.8/lib/rack/server.rb:312:in `block in start'
2023-08-09T16:20:01.481922+00:00 app[web.1]: from /app/vendor/bundle/ruby/3.2.0/gems/rack-2.2.8/lib/rack/server.rb:379:in `handle_profiling'
2023-08-09T16:20:01.481922+00:00 app[web.1]: from /app/vendor/bundle/ruby/3.2.0/gems/rack-2.2.8/lib/rack/server.rb:311:in `start'
2023-08-09T16:20:01.481922+00:00 app[web.1]: from /app/vendor/bundle/ruby/3.2.0/gems/railties-7.0.6/lib/rails/commands/server/server_command.rb:38:in `start'
2023-08-09T16:20:01.481922+00:00 app[web.1]: from /app/vendor/bundle/ruby/3.2.0/gems/railties-7.0.6/lib/rails/commands/server/server_command.rb:143:in `block in perform'
2023-08-09T16:20:01.481922+00:00 app[web.1]: from <internal:kernel>:90:in `tap'
2023-08-09T16:20:01.481922+00:00 app[web.1]: from /app/vendor/bundle/ruby/3.2.0/gems/railties-7.0.6/lib/rails/commands/server/server_command.rb:134:in `perform'
2023-08-09T16:20:01.481923+00:00 app[web.1]: from /app/vendor/bundle/ruby/3.2.0/gems/thor-1.2.2/lib/thor/command.rb:27:in `run'
2023-08-09T16:20:01.481923+00:00 app[web.1]: from /app/vendor/bundle/ruby/3.2.0/gems/thor-1.2.2/lib/thor/invocation.rb:127:in `invoke_command'
2023-08-09T16:20:01.481923+00:00 app[web.1]: from /app/vendor/bundle/ruby/3.2.0/gems/thor-1.2.2/lib/thor.rb:392:in `dispatch'
2023-08-09T16:20:01.481923+00:00 app[web.1]: from /app/vendor/bundle/ruby/3.2.0/gems/railties-7.0.6/lib/rails/command/base.rb:87:in `perform'
2023-08-09T16:20:01.481923+00:00 app[web.1]: from /app/vendor/bundle/ruby/3.2.0/gems/railties-7.0.6/lib/rails/command.rb:48:in `invoke'
2023-08-09T16:20:01.481923+00:00 app[web.1]: from /app/vendor/bundle/ruby/3.2.0/gems/railties-7.0.6/lib/rails/commands.rb:18:in `<main>'
2023-08-09T16:20:01.481923+00:00 app[web.1]: from <internal:/app/vendor/ruby-3.2.2/lib/ruby/3.2.0/rubygems/core_ext/kernel_require.rb>:37:in `require'
2023-08-09T16:20:01.481924+00:00 app[web.1]: from <internal:/app/vendor/ruby-3.2.2/lib/ruby/3.2.0/rubygems/core_ext/kernel_require.rb>:37:in `require'
2023-08-09T16:20:01.481924+00:00 app[web.1]: from /app/vendor/bundle/ruby/3.2.0/gems/bootsnap-1.16.0/lib/bootsnap/load_path_cache/core_ext/kernel_require.rb:32:in `require'
2023-08-09T16:20:01.481924+00:00 app[web.1]: from bin/rails:4:in `<main>'
2023-08-09T16:20:01.612390+00:00 heroku[web.1]: Process exited with status 1
2023-08-09T16:20:01.645830+00:00 heroku[web.1]: State changed from starting to crashed
2023-08-09T16:20:21.744573+00:00 heroku[router]: at=error code=H10 desc="App crashed" method=GET path="/" host=food-app-rails-9f46aca95ff0.herokuapp.com request_id=3a689a75-6f50-47e4-964a-6eccf81987b4 fwd="39.62.0.144" dyno= connect= service= status=503 bytes= protocol=https
2023-08-09T16:20:22.329557+00:00 heroku[router]: at=error code=H10 desc="App crashed" method=GET path="/favicon.ico" host=food-app-rails-9f46aca95ff0.herokuapp.com request_id=02870e5d-eead-46da-ba17-c70328aef8ae fwd="39.62.0.144" dyno= connect= service= status=503 bytes= protocol=https
2023-08-09T16:41:27.813468+00:00 heroku[web.1]: State changed from crashed to starting
2023-08-09T16:41:32.198482+00:00 heroku[web.1]: Starting process with command `bin/rails server -p ${PORT:-5000} -e production`
2023-08-09T16:41:33.915467+00:00 app[web.1]: => Booting Puma
2023-08-09T16:41:33.915503+00:00 app[web.1]: => Rails 7.0.6 application starting in production
2023-08-09T16:41:33.915503+00:00 app[web.1]: => Run `bin/rails server --help` for more startup options
2023-08-09T16:41:34.463952+00:00 app[web.1]: Exiting
2023-08-09T16:41:34.483029+00:00 app[web.1]: <internal:/app/vendor/ruby-3.2.2/lib/ruby/3.2.0/rubygems/core_ext/kernel_require.rb>:37:in `require': --> /app/app/policies/user_policy.rb
2023-08-09T16:41:34.483041+00:00 app[web.1]: Unmatched keyword, missing `end' ?
2023-08-09T16:41:34.483041+00:00 app[web.1]: 1  class UserPolicy < ApplicationPolicy
2023-08-09T16:41:34.483041+00:00 app[web.1]: > 2    class Scope < Scope
2023-08-09T16:41:34.483042+00:00 app[web.1]: 6  end
2023-08-09T16:41:34.483043+00:00 app[web.1]: /app/app/policies/user_policy.rb:6: syntax error, unexpected end-of-input (SyntaxError)
2023-08-09T16:41:34.483043+00:00 app[web.1]: from <internal:/app/vendor/ruby-3.2.2/lib/ruby/3.2.0/rubygems/core_ext/kernel_require.rb>:37:in `require'
2023-08-09T16:41:34.483044+00:00 app[web.1]: from /app/vendor/bundle/ruby/3.2.0/gems/bootsnap-1.16.0/lib/bootsnap/load_path_cache/core_ext/kernel_require.rb:32:in `require'
2023-08-09T16:41:34.483044+00:00 app[web.1]: from /app/vendor/bundle/ruby/3.2.0/gems/zeitwerk-2.6.11/lib/zeitwerk/kernel.rb:30:in `require'
2023-08-09T16:41:34.483044+00:00 app[web.1]: from /app/vendor/bundle/ruby/3.2.0/gems/zeitwerk-2.6.11/lib/zeitwerk/loader/helpers.rb:135:in `const_get'
2023-08-09T16:41:34.483045+00:00 app[web.1]: from /app/vendor/bundle/ruby/3.2.0/gems/zeitwerk-2.6.11/lib/zeitwerk/loader/helpers.rb:135:in `cget'
2023-08-09T16:41:34.483045+00:00 app[web.1]: from /app/vendor/bundle/ruby/3.2.0/gems/zeitwerk-2.6.11/lib/zeitwerk/loader/eager_load.rb:175:in `block in actual_eager_load_dir'
2023-08-09T16:41:34.483045+00:00 app[web.1]: from /app/vendor/bundle/ruby/3.2.0/gems/zeitwerk-2.6.11/lib/zeitwerk/loader/helpers.rb:40:in `block in ls'
2023-08-09T16:41:34.483045+00:00 app[web.1]: from /app/vendor/bundle/ruby/3.2.0/gems/zeitwerk-2.6.11/lib/zeitwerk/loader/helpers.rb:25:in `each'
2023-08-09T16:41:34.483046+00:00 app[web.1]: from /app/vendor/bundle/ruby/3.2.0/gems/zeitwerk-2.6.11/lib/zeitwerk/loader/helpers.rb:25:in `ls'
2023-08-09T16:41:34.483046+00:00 app[web.1]: from /app/vendor/bundle/ruby/3.2.0/gems/zeitwerk-2.6.11/lib/zeitwerk/loader/eager_load.rb:170:in `actual_eager_load_dir'
2023-08-09T16:41:34.483046+00:00 app[web.1]: from /app/vendor/bundle/ruby/3.2.0/gems/zeitwerk-2.6.11/lib/zeitwerk/loader/eager_load.rb:17:in `block (2 levels) in eager_load'
2023-08-09T16:41:34.483046+00:00 app[web.1]: from /app/vendor/bundle/ruby/3.2.0/gems/zeitwerk-2.6.11/lib/zeitwerk/loader/eager_load.rb:16:in `each'
2023-08-09T16:41:34.483047+00:00 app[web.1]: from /app/vendor/bundle/ruby/3.2.0/gems/zeitwerk-2.6.11/lib/zeitwerk/loader/eager_load.rb:16:in `block in eager_load'
2023-08-09T16:41:34.483068+00:00 app[web.1]: from /app/vendor/bundle/ruby/3.2.0/gems/zeitwerk-2.6.11/lib/zeitwerk/loader/eager_load.rb:10:in `synchronize'
2023-08-09T16:41:34.483068+00:00 app[web.1]: from /app/vendor/bundle/ruby/3.2.0/gems/zeitwerk-2.6.11/lib/zeitwerk/loader/eager_load.rb:10:in `eager_load'
2023-08-09T16:41:34.483069+00:00 app[web.1]: from /app/vendor/bundle/ruby/3.2.0/gems/zeitwerk-2.6.11/lib/zeitwerk/loader.rb:379:in `block in eager_load_all'
2023-08-09T16:41:34.483069+00:00 app[web.1]: from /app/vendor/bundle/ruby/3.2.0/gems/zeitwerk-2.6.11/lib/zeitwerk/loader.rb:377:in `each'
2023-08-09T16:41:34.483069+00:00 app[web.1]: from /app/vendor/bundle/ruby/3.2.0/gems/zeitwerk-2.6.11/lib/zeitwerk/loader.rb:377:in `eager_load_all'
2023-08-09T16:41:34.483069+00:00 app[web.1]: from /app/vendor/bundle/ruby/3.2.0/gems/railties-7.0.6/lib/rails/application/finisher.rb:74:in `block in <module:Finisher>'
2023-08-09T16:41:34.483070+00:00 app[web.1]: from /app/vendor/bundle/ruby/3.2.0/gems/railties-7.0.6/lib/rails/initializable.rb:32:in `instance_exec'
2023-08-09T16:41:34.483070+00:00 app[web.1]: from /app/vendor/bundle/ruby/3.2.0/gems/railties-7.0.6/lib/rails/initializable.rb:32:in `run'
2023-08-09T16:41:34.483070+00:00 app[web.1]: from /app/vendor/bundle/ruby/3.2.0/gems/railties-7.0.6/lib/rails/initializable.rb:61:in `block in run_initializers'
2023-08-09T16:41:34.483071+00:00 app[web.1]: from /app/vendor/ruby-3.2.2/lib/ruby/3.2.0/tsort.rb:228:in `block in tsort_each'
2023-08-09T16:41:34.483071+00:00 app[web.1]: from /app/vendor/ruby-3.2.2/lib/ruby/3.2.0/tsort.rb:350:in `block (2 levels) in each_strongly_connected_component'
2023-08-09T16:41:34.483071+00:00 app[web.1]: from /app/vendor/ruby-3.2.2/lib/ruby/3.2.0/tsort.rb:431:in `each_strongly_connected_component_from'
2023-08-09T16:41:34.483072+00:00 app[web.1]: from /app/vendor/ruby-3.2.2/lib/ruby/3.2.0/tsort.rb:349:in `block in each_strongly_connected_component'
2023-08-09T16:41:34.483072+00:00 app[web.1]: from /app/vendor/ruby-3.2.2/lib/ruby/3.2.0/tsort.rb:347:in `each'
2023-08-09T16:41:34.483072+00:00 app[web.1]: from /app/vendor/ruby-3.2.2/lib/ruby/3.2.0/tsort.rb:347:in `call'
2023-08-09T16:41:34.483073+00:00 app[web.1]: from /app/vendor/ruby-3.2.2/lib/ruby/3.2.0/tsort.rb:347:in `each_strongly_connected_component'
2023-08-09T16:41:34.483073+00:00 app[web.1]: from /app/vendor/ruby-3.2.2/lib/ruby/3.2.0/tsort.rb:226:in `tsort_each'
2023-08-09T16:41:34.483074+00:00 app[web.1]: from /app/vendor/ruby-3.2.2/lib/ruby/3.2.0/tsort.rb:205:in `tsort_each'
2023-08-09T16:41:34.483074+00:00 app[web.1]: from /app/vendor/bundle/ruby/3.2.0/gems/railties-7.0.6/lib/rails/initializable.rb:60:in `run_initializers'
2023-08-09T16:41:34.483074+00:00 app[web.1]: from /app/vendor/bundle/ruby/3.2.0/gems/railties-7.0.6/lib/rails/application.rb:372:in `initialize!'
2023-08-09T16:41:34.483074+00:00 app[web.1]: from /app/config/environment.rb:5:in `<main>'
2023-08-09T16:41:34.483074+00:00 app[web.1]: from config.ru:3:in `require_relative'
2023-08-09T16:41:34.483075+00:00 app[web.1]: from config.ru:3:in `block in <main>'
2023-08-09T16:41:34.483075+00:00 app[web.1]: from /app/vendor/bundle/ruby/3.2.0/gems/rack-2.2.8/lib/rack/builder.rb:116:in `eval'
2023-08-09T16:41:34.483075+00:00 app[web.1]: from /app/vendor/bundle/ruby/3.2.0/gems/rack-2.2.8/lib/rack/builder.rb:116:in `new_from_string'
2023-08-09T16:41:34.483080+00:00 app[web.1]: from /app/vendor/bundle/ruby/3.2.0/gems/rack-2.2.8/lib/rack/builder.rb:105:in `load_file'
2023-08-09T16:41:34.483080+00:00 app[web.1]: from /app/vendor/bundle/ruby/3.2.0/gems/rack-2.2.8/lib/rack/builder.rb:66:in `parse_file'
2023-08-09T16:41:34.483080+00:00 app[web.1]: from /app/vendor/bundle/ruby/3.2.0/gems/rack-2.2.8/lib/rack/server.rb:349:in `build_app_and_options_from_config'
2023-08-09T16:41:34.483081+00:00 app[web.1]: from /app/vendor/bundle/ruby/3.2.0/gems/rack-2.2.8/lib/rack/server.rb:249:in `app'
2023-08-09T16:41:34.483081+00:00 app[web.1]: from /app/vendor/bundle/ruby/3.2.0/gems/rack-2.2.8/lib/rack/server.rb:422:in `wrapped_app'
2023-08-09T16:41:34.483081+00:00 app[web.1]: from /app/vendor/bundle/ruby/3.2.0/gems/rack-2.2.8/lib/rack/server.rb:312:in `block in start'
2023-08-09T16:41:34.483082+00:00 app[web.1]: from /app/vendor/bundle/ruby/3.2.0/gems/rack-2.2.8/lib/rack/server.rb:379:in `handle_profiling'
2023-08-09T16:41:34.483082+00:00 app[web.1]: from /app/vendor/bundle/ruby/3.2.0/gems/rack-2.2.8/lib/rack/server.rb:311:in `start'
2023-08-09T16:41:34.483082+00:00 app[web.1]: from /app/vendor/bundle/ruby/3.2.0/gems/railties-7.0.6/lib/rails/commands/server/server_command.rb:38:in `start'
2023-08-09T16:41:34.483082+00:00 app[web.1]: from /app/vendor/bundle/ruby/3.2.0/gems/railties-7.0.6/lib/rails/commands/server/server_command.rb:143:in `block in perform'
2023-08-09T16:41:34.483083+00:00 app[web.1]: from <internal:kernel>:90:in `tap'
2023-08-09T16:41:34.483083+00:00 app[web.1]: from /app/vendor/bundle/ruby/3.2.0/gems/railties-7.0.6/lib/rails/commands/server/server_command.rb:134:in `perform'
2023-08-09T16:41:34.483083+00:00 app[web.1]: from /app/vendor/bundle/ruby/3.2.0/gems/thor-1.2.2/lib/thor/command.rb:27:in `run'
2023-08-09T16:41:34.483084+00:00 app[web.1]: from /app/vendor/bundle/ruby/3.2.0/gems/thor-1.2.2/lib/thor/invocation.rb:127:in `invoke_command'
2023-08-09T16:41:34.483084+00:00 app[web.1]: from /app/vendor/bundle/ruby/3.2.0/gems/thor-1.2.2/lib/thor.rb:392:in `dispatch'
2023-08-09T16:41:34.483084+00:00 app[web.1]: from /app/vendor/bundle/ruby/3.2.0/gems/railties-7.0.6/lib/rails/command/base.rb:87:in `perform'
2023-08-09T16:41:34.483084+00:00 app[web.1]: from /app/vendor/bundle/ruby/3.2.0/gems/railties-7.0.6/lib/rails/command.rb:48:in `invoke'
2023-08-09T16:41:34.483085+00:00 app[web.1]: from /app/vendor/bundle/ruby/3.2.0/gems/railties-7.0.6/lib/rails/commands.rb:18:in `<main>'
2023-08-09T16:41:34.483085+00:00 app[web.1]: from <internal:/app/vendor/ruby-3.2.2/lib/ruby/3.2.0/rubygems/core_ext/kernel_require.rb>:37:in `require'
2023-08-09T16:41:34.483085+00:00 app[web.1]: from <internal:/app/vendor/ruby-3.2.2/lib/ruby/3.2.0/rubygems/core_ext/kernel_require.rb>:37:in `require'
2023-08-09T16:41:34.483085+00:00 app[web.1]: from /app/vendor/bundle/ruby/3.2.0/gems/bootsnap-1.16.0/lib/bootsnap/load_path_cache/core_ext/kernel_require.rb:32:in `require'
2023-08-09T16:41:34.483085+00:00 app[web.1]: from bin/rails:4:in `<main>'
2023-08-09T16:41:34.641359+00:00 heroku[web.1]: Process exited with status 1
2023-08-09T16:41:34.683451+00:00 heroku[web.1]: State changed from starting to crashed
^C
admin@Admins-MacBook-Pro-2 food_app % heroku run rails db:migrate
Running rails db:migrate on ⬢ food-app-rails... up, run.3343 (Basic)
rails aborted!
ActiveRecord::ConnectionNotEstablished: connection to server on socket "/var/run/postgresql/.s.PGSQL.5432" failed: No such file or directory
	Is the server running locally and accepting connections on that socket?
/app/vendor/bundle/ruby/3.2.0/gems/activerecord-7.0.6/lib/active_record/connection_adapters/postgresql_adapter.rb:87:in `rescue in new_client'
/app/vendor/bundle/ruby/3.2.0/gems/activerecord-7.0.6/lib/active_record/connection_adapters/postgresql_adapter.rb:77:in `new_client'
/app/vendor/bundle/ruby/3.2.0/gems/activerecord-7.0.6/lib/active_record/connection_adapters/postgresql_adapter.rb:37:in `postgresql_connection'
/app/vendor/bundle/ruby/3.2.0/gems/activerecord-7.0.6/lib/active_record/connection_adapters/abstract/connection_pool.rb:656:in `public_send'
/app/vendor/bundle/ruby/3.2.0/gems/activerecord-7.0.6/lib/active_record/connection_adapters/abstract/connection_pool.rb:656:in `new_connection'
/app/vendor/bundle/ruby/3.2.0/gems/activerecord-7.0.6/lib/active_record/connection_adapters/abstract/connection_pool.rb:700:in `checkout_new_connection'
/app/vendor/bundle/ruby/3.2.0/gems/activerecord-7.0.6/lib/active_record/connection_adapters/abstract/connection_pool.rb:679:in `try_to_checkout_new_connection'
/app/vendor/bundle/ruby/3.2.0/gems/activerecord-7.0.6/lib/active_record/connection_adapters/abstract/connection_pool.rb:640:in `acquire_connection'
/app/vendor/bundle/ruby/3.2.0/gems/activerecord-7.0.6/lib/active_record/connection_adapters/abstract/connection_pool.rb:341:in `checkout'
/app/vendor/bundle/ruby/3.2.0/gems/activerecord-7.0.6/lib/active_record/connection_adapters/abstract/connection_pool.rb:181:in `connection'
/app/vendor/bundle/ruby/3.2.0/gems/activerecord-7.0.6/lib/active_record/connection_adapters/abstract/connection_handler.rb:211:in `retrieve_connection'
/app/vendor/bundle/ruby/3.2.0/gems/activerecord-7.0.6/lib/active_record/connection_handling.rb:313:in `retrieve_connection'
/app/vendor/bundle/ruby/3.2.0/gems/activerecord-7.0.6/lib/active_record/connection_handling.rb:280:in `connection'
/app/vendor/bundle/ruby/3.2.0/gems/activerecord-7.0.6/lib/active_record/tasks/database_tasks.rb:262:in `migrate'
/app/vendor/bundle/ruby/3.2.0/gems/activerecord-7.0.6/lib/active_record/railties/databases.rake:92:in `block (2 levels) in <main>'
/app/vendor/bundle/ruby/3.2.0/gems/rake-13.0.6/lib/rake/task.rb:281:in `block in execute'
/app/vendor/bundle/ruby/3.2.0/gems/rake-13.0.6/lib/rake/task.rb:281:in `each'
/app/vendor/bundle/ruby/3.2.0/gems/rake-13.0.6/lib/rake/task.rb:281:in `execute'
/app/vendor/bundle/ruby/3.2.0/gems/rake-13.0.6/lib/rake/task.rb:219:in `block in invoke_with_call_chain'
/app/vendor/bundle/ruby/3.2.0/gems/rake-13.0.6/lib/rake/task.rb:199:in `synchronize'
/app/vendor/bundle/ruby/3.2.0/gems/rake-13.0.6/lib/rake/task.rb:199:in `invoke_with_call_chain'
/app/vendor/bundle/ruby/3.2.0/gems/rake-13.0.6/lib/rake/task.rb:188:in `invoke'
/app/vendor/bundle/ruby/3.2.0/gems/rake-13.0.6/lib/rake/application.rb:160:in `invoke_task'
/app/vendor/bundle/ruby/3.2.0/gems/rake-13.0.6/lib/rake/application.rb:116:in `block (2 levels) in top_level'
/app/vendor/bundle/ruby/3.2.0/gems/rake-13.0.6/lib/rake/application.rb:116:in `each'
/app/vendor/bundle/ruby/3.2.0/gems/rake-13.0.6/lib/rake/application.rb:116:in `block in top_level'
/app/vendor/bundle/ruby/3.2.0/gems/rake-13.0.6/lib/rake/application.rb:125:in `run_with_threads'
/app/vendor/bundle/ruby/3.2.0/gems/rake-13.0.6/lib/rake/application.rb:110:in `top_level'
/app/vendor/bundle/ruby/3.2.0/gems/railties-7.0.6/lib/rails/commands/rake/rake_command.rb:24:in `block (2 levels) in perform'
/app/vendor/bundle/ruby/3.2.0/gems/rake-13.0.6/lib/rake/application.rb:186:in `standard_exception_handling'
/app/vendor/bundle/ruby/3.2.0/gems/railties-7.0.6/lib/rails/commands/rake/rake_command.rb:24:in `block in perform'
/app/vendor/bundle/ruby/3.2.0/gems/rake-13.0.6/lib/rake/rake_module.rb:59:in `with_application'
/app/vendor/bundle/ruby/3.2.0/gems/railties-7.0.6/lib/rails/commands/rake/rake_command.rb:18:in `perform'
/app/vendor/bundle/ruby/3.2.0/gems/railties-7.0.6/lib/rails/command.rb:51:in `invoke'
/app/vendor/bundle/ruby/3.2.0/gems/railties-7.0.6/lib/rails/commands.rb:18:in `<main>'
/app/vendor/bundle/ruby/3.2.0/gems/bootsnap-1.16.0/lib/bootsnap/load_path_cache/core_ext/kernel_require.rb:32:in `require'
/app/bin/rails:4:in `<main>'

Caused by:
PG::ConnectionBad: connection to server on socket "/var/run/postgresql/.s.PGSQL.5432" failed: No such file or directory
	Is the server running locally and accepting connections on that socket?
/app/vendor/bundle/ruby/3.2.0/gems/pg-1.5.3/lib/pg/connection.rb:819:in `connect_start'
/app/vendor/bundle/ruby/3.2.0/gems/pg-1.5.3/lib/pg/connection.rb:819:in `connect_to_hosts'
/app/vendor/bundle/ruby/3.2.0/gems/pg-1.5.3/lib/pg/connection.rb:759:in `new'
/app/vendor/bundle/ruby/3.2.0/gems/pg-1.5.3/lib/pg.rb:63:in `connect'
/app/vendor/bundle/ruby/3.2.0/gems/activerecord-7.0.6/lib/active_record/connection_adapters/postgresql_adapter.rb:78:in `new_client'
/app/vendor/bundle/ruby/3.2.0/gems/activerecord-7.0.6/lib/active_record/connection_adapters/postgresql_adapter.rb:37:in `postgresql_connection'
/app/vendor/bundle/ruby/3.2.0/gems/activerecord-7.0.6/lib/active_record/connection_adapters/abstract/connection_pool.rb:656:in `public_send'
/app/vendor/bundle/ruby/3.2.0/gems/activerecord-7.0.6/lib/active_record/connection_adapters/abstract/connection_pool.rb:656:in `new_connection'
/app/vendor/bundle/ruby/3.2.0/gems/activerecord-7.0.6/lib/active_record/connection_adapters/abstract/connection_pool.rb:700:in `checkout_new_connection'
/app/vendor/bundle/ruby/3.2.0/gems/activerecord-7.0.6/lib/active_record/connection_adapters/abstract/connection_pool.rb:679:in `try_to_checkout_new_connection'
/app/vendor/bundle/ruby/3.2.0/gems/activerecord-7.0.6/lib/active_record/connection_adapters/abstract/connection_pool.rb:640:in `acquire_connection'
/app/vendor/bundle/ruby/3.2.0/gems/activerecord-7.0.6/lib/active_record/connection_adapters/abstract/connection_pool.rb:341:in `checkout'
/app/vendor/bundle/ruby/3.2.0/gems/activerecord-7.0.6/lib/active_record/connection_adapters/abstract/connection_pool.rb:181:in `connection'
/app/vendor/bundle/ruby/3.2.0/gems/activerecord-7.0.6/lib/active_record/connection_adapters/abstract/connection_handler.rb:211:in `retrieve_connection'
/app/vendor/bundle/ruby/3.2.0/gems/activerecord-7.0.6/lib/active_record/connection_handling.rb:313:in `retrieve_connection'
/app/vendor/bundle/ruby/3.2.0/gems/activerecord-7.0.6/lib/active_record/connection_handling.rb:280:in `connection'
/app/vendor/bundle/ruby/3.2.0/gems/activerecord-7.0.6/lib/active_record/tasks/database_tasks.rb:262:in `migrate'
/app/vendor/bundle/ruby/3.2.0/gems/activerecord-7.0.6/lib/active_record/railties/databases.rake:92:in `block (2 levels) in <main>'
/app/vendor/bundle/ruby/3.2.0/gems/rake-13.0.6/lib/rake/task.rb:281:in `block in execute'
/app/vendor/bundle/ruby/3.2.0/gems/rake-13.0.6/lib/rake/task.rb:281:in `each'
/app/vendor/bundle/ruby/3.2.0/gems/rake-13.0.6/lib/rake/task.rb:281:in `execute'
/app/vendor/bundle/ruby/3.2.0/gems/rake-13.0.6/lib/rake/task.rb:219:in `block in invoke_with_call_chain'
/app/vendor/bundle/ruby/3.2.0/gems/rake-13.0.6/lib/rake/task.rb:199:in `synchronize'
/app/vendor/bundle/ruby/3.2.0/gems/rake-13.0.6/lib/rake/task.rb:199:in `invoke_with_call_chain'
/app/vendor/bundle/ruby/3.2.0/gems/rake-13.0.6/lib/rake/task.rb:188:in `invoke'
/app/vendor/bundle/ruby/3.2.0/gems/rake-13.0.6/lib/rake/application.rb:160:in `invoke_task'
/app/vendor/bundle/ruby/3.2.0/gems/rake-13.0.6/lib/rake/application.rb:116:in `block (2 levels) in top_level'
/app/vendor/bundle/ruby/3.2.0/gems/rake-13.0.6/lib/rake/application.rb:116:in `each'
/app/vendor/bundle/ruby/3.2.0/gems/rake-13.0.6/lib/rake/application.rb:116:in `block in top_level'
/app/vendor/bundle/ruby/3.2.0/gems/rake-13.0.6/lib/rake/application.rb:125:in `run_with_threads'
/app/vendor/bundle/ruby/3.2.0/gems/rake-13.0.6/lib/rake/application.rb:110:in `top_level'
/app/vendor/bundle/ruby/3.2.0/gems/railties-7.0.6/lib/rails/commands/rake/rake_command.rb:24:in `block (2 levels) in perform'
/app/vendor/bundle/ruby/3.2.0/gems/rake-13.0.6/lib/rake/application.rb:186:in `standard_exception_handling'
/app/vendor/bundle/ruby/3.2.0/gems/railties-7.0.6/lib/rails/commands/rake/rake_command.rb:24:in `block in perform'
/app/vendor/bundle/ruby/3.2.0/gems/rake-13.0.6/lib/rake/rake_module.rb:59:in `with_application'
/app/vendor/bundle/ruby/3.2.0/gems/railties-7.0.6/lib/rails/commands/rake/rake_command.rb:18:in `perform'
/app/vendor/bundle/ruby/3.2.0/gems/railties-7.0.6/lib/rails/command.rb:51:in `invoke'
/app/vendor/bundle/ruby/3.2.0/gems/railties-7.0.6/lib/rails/commands.rb:18:in `<main>'
/app/vendor/bundle/ruby/3.2.0/gems/bootsnap-1.16.0/lib/bootsnap/load_path_cache/core_ext/kernel_require.rb:32:in `require'
/app/bin/rails:4:in `<main>'
Tasks: TOP => db:migrate
(See full trace by running task with --trace)
admin@Admins-MacBook-Pro-2 food_app % heroku config
=== food-app-rails Config Vars

LANG:                     en_US.UTF-8
RACK_ENV:                 production
RAILS_ENV:                production
RAILS_LOG_TO_STDOUT:      enabled
RAILS_SERVE_STATIC_FILES: enabled
SECRET_KEY_BASE:          4c5733f34362cb7f1bad65cfdb36219a9a3e585fa94c1eac63983071228d260e4b35a6145725d1aeb6834e7e4e974ac4d9fcd084e3d3e4f68f4dfa547a6705f3
admin@Admins-MacBook-Pro-2 food_app % heroku login
heroku: Press any key to open up the browser to login or q to exit: 
Opening browser to https://cli-auth.heroku.com/auth/cli/browser/7a090068-c0c4-49a3-bc60-1cacb32fe6ef?requestor=SFMyNTY.g2gDbQAAAAszOS42Mi4wLjE0NG4GAJggVNuJAWIAAVGA.NLZmWME253OS_8Nea4z7amVs2CZSLBmNtSipepD6eKU
Logging in... done
Logged in as itslaibasheikh065@gmail.com
admin@Admins-MacBook-Pro-2 food_app % heroku addons

No add-ons for app food-app-rails.
admin@Admins-MacBook-Pro-2 food_app % git remote -v
heroku	https://git.heroku.com/food-app-rails.git (fetch)
heroku	https://git.heroku.com/food-app-rails.git (push)
origin	git@github.com:Laibanadeem065/food_app.git (fetch)
origin	git@github.com:Laibanadeem065/food_app.git (push)
admin@Admins-MacBook-Pro-2 food_app % heroku addons:create heroku-postgresql:hobby-dev

Creating heroku-postgresql:hobby-dev on ⬢ food-app-rails... !
 ▸    Couldn't find either the add-on service or the add-on plan of
 ▸    "heroku-postgresql:hobby-dev".
admin@Admins-MacBook-Pro-2 food_app % heroku login
heroku: Press any key to open up the browser to login or q to exit: 

Opening browser to https://cli-auth.heroku.com/auth/cli/browser/3bb594c8-f105-427e-886c-a69e7dfaf80d?requestor=SFMyNTY.g2gDbQAAAAszOS42Mi4wLjE0NG4GAMjTSemJAWIAAVGA.oPVXBarBllvdLM9jM9yAoQN9p-P2sZ3SWGbDE26O4z0
Logging in... done
Logged in as itslaibasheikh065@gmail.com
admin@Admins-MacBook-Pro-2 food_app % 
admin@Admins-MacBook-Pro-2 food_app % heroku git:clone -a food-app-rails 
Cloning into 'food-app-rails'...
remote: Enumerating objects: 233, done.
remote: Counting objects: 100% (233/233), done.
remote: Compressing objects: 100% (189/189), done.
remote: Total 233 (delta 24), reused 233 (delta 24)
Receiving objects: 100% (233/233), 8.70 MiB | 401.00 KiB/s, done.
Resolving deltas: 100% (24/24), done.
admin@Admins-MacBook-Pro-2 food_app % cd food-app-rails
admin@Admins-MacBook-Pro-2 food-app-rails % git add .
admin@Admins-MacBook-Pro-2 food-app-rails % git commit -am "make it better"
On branch main
Your branch is up to date with 'heroku/main'.

nothing to commit, working tree clean
admin@Admins-MacBook-Pro-2 food-app-rails % git push heroku main  
Everything up-to-date
admin@Admins-MacBook-Pro-2 food-app-rails % heroku logs --tail
2023-08-12T00:53:14.557216+00:00 app[web.1]: from /app/vendor/bundle/ruby/3.2.0/gems/rack-2.2.8/lib/rack/server.rb:349:in `build_app_and_options_from_config'
2023-08-12T00:53:14.557216+00:00 app[web.1]: from /app/vendor/bundle/ruby/3.2.0/gems/rack-2.2.8/lib/rack/server.rb:249:in `app'
2023-08-12T00:53:14.557217+00:00 app[web.1]: from /app/vendor/bundle/ruby/3.2.0/gems/rack-2.2.8/lib/rack/server.rb:422:in `wrapped_app'
2023-08-12T00:53:14.557217+00:00 app[web.1]: from /app/vendor/bundle/ruby/3.2.0/gems/rack-2.2.8/lib/rack/server.rb:312:in `block in start'
2023-08-12T00:53:14.557217+00:00 app[web.1]: from /app/vendor/bundle/ruby/3.2.0/gems/rack-2.2.8/lib/rack/server.rb:379:in `handle_profiling'
2023-08-12T00:53:14.557217+00:00 app[web.1]: from /app/vendor/bundle/ruby/3.2.0/gems/rack-2.2.8/lib/rack/server.rb:311:in `start'
2023-08-12T00:53:14.557217+00:00 app[web.1]: from /app/vendor/bundle/ruby/3.2.0/gems/railties-7.0.6/lib/rails/commands/server/server_command.rb:38:in `start'
2023-08-12T00:53:14.557217+00:00 app[web.1]: from /app/vendor/bundle/ruby/3.2.0/gems/railties-7.0.6/lib/rails/commands/server/server_command.rb:143:in `block in perform'
2023-08-12T00:53:14.557217+00:00 app[web.1]: from <internal:kernel>:90:in `tap'
2023-08-12T00:53:14.557217+00:00 app[web.1]: from /app/vendor/bundle/ruby/3.2.0/gems/railties-7.0.6/lib/rails/commands/server/server_command.rb:134:in `perform'
2023-08-12T00:53:14.557217+00:00 app[web.1]: from /app/vendor/bundle/ruby/3.2.0/gems/thor-1.2.2/lib/thor/command.rb:27:in `run'
2023-08-12T00:53:14.557218+00:00 app[web.1]: from /app/vendor/bundle/ruby/3.2.0/gems/thor-1.2.2/lib/thor/invocation.rb:127:in `invoke_command'
2023-08-12T00:53:14.557218+00:00 app[web.1]: from /app/vendor/bundle/ruby/3.2.0/gems/thor-1.2.2/lib/thor.rb:392:in `dispatch'
2023-08-12T00:53:14.557218+00:00 app[web.1]: from /app/vendor/bundle/ruby/3.2.0/gems/railties-7.0.6/lib/rails/command/base.rb:87:in `perform'
2023-08-12T00:53:14.557218+00:00 app[web.1]: from /app/vendor/bundle/ruby/3.2.0/gems/railties-7.0.6/lib/rails/command.rb:48:in `invoke'
2023-08-12T00:53:14.557218+00:00 app[web.1]: from /app/vendor/bundle/ruby/3.2.0/gems/railties-7.0.6/lib/rails/commands.rb:18:in `<main>'
2023-08-12T00:53:14.557218+00:00 app[web.1]: from <internal:/app/vendor/ruby-3.2.2/lib/ruby/3.2.0/rubygems/core_ext/kernel_require.rb>:37:in `require'
2023-08-12T00:53:14.557218+00:00 app[web.1]: from <internal:/app/vendor/ruby-3.2.2/lib/ruby/3.2.0/rubygems/core_ext/kernel_require.rb>:37:in `require'
2023-08-12T00:53:14.557219+00:00 app[web.1]: from /app/vendor/bundle/ruby/3.2.0/gems/bootsnap-1.16.0/lib/bootsnap/load_path_cache/core_ext/kernel_require.rb:32:in `require'
2023-08-12T00:53:14.557219+00:00 app[web.1]: from bin/rails:4:in `<main>'
2023-08-12T00:53:14.690376+00:00 heroku[web.1]: Process exited with status 1
2023-08-12T00:53:14.714959+00:00 heroku[web.1]: State changed from starting to crashed
2023-08-12T06:43:26.050499+00:00 heroku[web.1]: State changed from crashed to starting
2023-08-12T06:43:32.405391+00:00 heroku[web.1]: Starting process with command `bin/rails server -p ${PORT:-5000} -e production`
2023-08-12T06:43:34.055194+00:00 app[web.1]: => Booting Puma
2023-08-12T06:43:34.055220+00:00 app[web.1]: => Rails 7.0.6 application starting in production
2023-08-12T06:43:34.055220+00:00 app[web.1]: => Run `bin/rails server --help` for more startup options
2023-08-12T06:43:34.592730+00:00 app[web.1]: Exiting
2023-08-12T06:43:34.609513+00:00 app[web.1]: <internal:/app/vendor/ruby-3.2.2/lib/ruby/3.2.0/rubygems/core_ext/kernel_require.rb>:37:in `require': --> /app/app/policies/user_policy.rb
2023-08-12T06:43:34.609514+00:00 app[web.1]: Unmatched keyword, missing `end' ?
2023-08-12T06:43:34.609514+00:00 app[web.1]: 1  class UserPolicy < ApplicationPolicy
2023-08-12T06:43:34.609515+00:00 app[web.1]: > 2    class Scope < Scope
2023-08-12T06:43:34.609515+00:00 app[web.1]: 6  end
2023-08-12T06:43:34.609521+00:00 app[web.1]: /app/app/policies/user_policy.rb:6: syntax error, unexpected end-of-input (SyntaxError)
2023-08-12T06:43:34.609522+00:00 app[web.1]: from <internal:/app/vendor/ruby-3.2.2/lib/ruby/3.2.0/rubygems/core_ext/kernel_require.rb>:37:in `require'
2023-08-12T06:43:34.609522+00:00 app[web.1]: from /app/vendor/bundle/ruby/3.2.0/gems/bootsnap-1.16.0/lib/bootsnap/load_path_cache/core_ext/kernel_require.rb:32:in `require'
2023-08-12T06:43:34.609522+00:00 app[web.1]: from /app/vendor/bundle/ruby/3.2.0/gems/zeitwerk-2.6.11/lib/zeitwerk/kernel.rb:30:in `require'
2023-08-12T06:43:34.609523+00:00 app[web.1]: from /app/vendor/bundle/ruby/3.2.0/gems/zeitwerk-2.6.11/lib/zeitwerk/loader/helpers.rb:135:in `const_get'
2023-08-12T06:43:34.609523+00:00 app[web.1]: from /app/vendor/bundle/ruby/3.2.0/gems/zeitwerk-2.6.11/lib/zeitwerk/loader/helpers.rb:135:in `cget'
2023-08-12T06:43:34.609524+00:00 app[web.1]: from /app/vendor/bundle/ruby/3.2.0/gems/zeitwerk-2.6.11/lib/zeitwerk/loader/eager_load.rb:175:in `block in actual_eager_load_dir'
2023-08-12T06:43:34.609524+00:00 app[web.1]: from /app/vendor/bundle/ruby/3.2.0/gems/zeitwerk-2.6.11/lib/zeitwerk/loader/helpers.rb:40:in `block in ls'
2023-08-12T06:43:34.609524+00:00 app[web.1]: from /app/vendor/bundle/ruby/3.2.0/gems/zeitwerk-2.6.11/lib/zeitwerk/loader/helpers.rb:25:in `each'
2023-08-12T06:43:34.609524+00:00 app[web.1]: from /app/vendor/bundle/ruby/3.2.0/gems/zeitwerk-2.6.11/lib/zeitwerk/loader/helpers.rb:25:in `ls'
2023-08-12T06:43:34.609528+00:00 app[web.1]: from /app/vendor/bundle/ruby/3.2.0/gems/zeitwerk-2.6.11/lib/zeitwerk/loader/eager_load.rb:170:in `actual_eager_load_dir'
2023-08-12T06:43:34.609528+00:00 app[web.1]: from /app/vendor/bundle/ruby/3.2.0/gems/zeitwerk-2.6.11/lib/zeitwerk/loader/eager_load.rb:17:in `block (2 levels) in eager_load'
2023-08-12T06:43:34.609528+00:00 app[web.1]: from /app/vendor/bundle/ruby/3.2.0/gems/zeitwerk-2.6.11/lib/zeitwerk/loader/eager_load.rb:16:in `each'
2023-08-12T06:43:34.609528+00:00 app[web.1]: from /app/vendor/bundle/ruby/3.2.0/gems/zeitwerk-2.6.11/lib/zeitwerk/loader/eager_load.rb:16:in `block in eager_load'
2023-08-12T06:43:34.609529+00:00 app[web.1]: from /app/vendor/bundle/ruby/3.2.0/gems/zeitwerk-2.6.11/lib/zeitwerk/loader/eager_load.rb:10:in `synchronize'
2023-08-12T06:43:34.609529+00:00 app[web.1]: from /app/vendor/bundle/ruby/3.2.0/gems/zeitwerk-2.6.11/lib/zeitwerk/loader/eager_load.rb:10:in `eager_load'
2023-08-12T06:43:34.609529+00:00 app[web.1]: from /app/vendor/bundle/ruby/3.2.0/gems/zeitwerk-2.6.11/lib/zeitwerk/loader.rb:379:in `block in eager_load_all'
2023-08-12T06:43:34.609529+00:00 app[web.1]: from /app/vendor/bundle/ruby/3.2.0/gems/zeitwerk-2.6.11/lib/zeitwerk/loader.rb:377:in `each'
2023-08-12T06:43:34.609529+00:00 app[web.1]: from /app/vendor/bundle/ruby/3.2.0/gems/zeitwerk-2.6.11/lib/zeitwerk/loader.rb:377:in `eager_load_all'
2023-08-12T06:43:34.609529+00:00 app[web.1]: from /app/vendor/bundle/ruby/3.2.0/gems/railties-7.0.6/lib/rails/application/finisher.rb:74:in `block in <module:Finisher>'
2023-08-12T06:43:34.609530+00:00 app[web.1]: from /app/vendor/bundle/ruby/3.2.0/gems/railties-7.0.6/lib/rails/initializable.rb:32:in `instance_exec'
2023-08-12T06:43:34.609530+00:00 app[web.1]: from /app/vendor/bundle/ruby/3.2.0/gems/railties-7.0.6/lib/rails/initializable.rb:32:in `run'
2023-08-12T06:43:34.609530+00:00 app[web.1]: from /app/vendor/bundle/ruby/3.2.0/gems/railties-7.0.6/lib/rails/initializable.rb:61:in `block in run_initializers'
2023-08-12T06:43:34.609530+00:00 app[web.1]: from /app/vendor/ruby-3.2.2/lib/ruby/3.2.0/tsort.rb:228:in `block in tsort_each'
2023-08-12T06:43:34.609530+00:00 app[web.1]: from /app/vendor/ruby-3.2.2/lib/ruby/3.2.0/tsort.rb:350:in `block (2 levels) in each_strongly_connected_component'
2023-08-12T06:43:34.609530+00:00 app[web.1]: from /app/vendor/ruby-3.2.2/lib/ruby/3.2.0/tsort.rb:431:in `each_strongly_connected_component_from'
2023-08-12T06:43:34.609530+00:00 app[web.1]: from /app/vendor/ruby-3.2.2/lib/ruby/3.2.0/tsort.rb:349:in `block in each_strongly_connected_component'
2023-08-12T06:43:34.609534+00:00 app[web.1]: from /app/vendor/ruby-3.2.2/lib/ruby/3.2.0/tsort.rb:347:in `each'
2023-08-12T06:43:34.609534+00:00 app[web.1]: from /app/vendor/ruby-3.2.2/lib/ruby/3.2.0/tsort.rb:347:in `call'
2023-08-12T06:43:34.609534+00:00 app[web.1]: from /app/vendor/ruby-3.2.2/lib/ruby/3.2.0/tsort.rb:347:in `each_strongly_connected_component'
2023-08-12T06:43:34.609534+00:00 app[web.1]: from /app/vendor/ruby-3.2.2/lib/ruby/3.2.0/tsort.rb:226:in `tsort_each'
2023-08-12T06:43:34.609534+00:00 app[web.1]: from /app/vendor/ruby-3.2.2/lib/ruby/3.2.0/tsort.rb:205:in `tsort_each'
2023-08-12T06:43:34.609534+00:00 app[web.1]: from /app/vendor/bundle/ruby/3.2.0/gems/railties-7.0.6/lib/rails/initializable.rb:60:in `run_initializers'
2023-08-12T06:43:34.609534+00:00 app[web.1]: from /app/vendor/bundle/ruby/3.2.0/gems/railties-7.0.6/lib/rails/application.rb:372:in `initialize!'
2023-08-12T06:43:34.609535+00:00 app[web.1]: from /app/config/environment.rb:5:in `<main>'
2023-08-12T06:43:34.609535+00:00 app[web.1]: from config.ru:3:in `require_relative'
2023-08-12T06:43:34.609535+00:00 app[web.1]: from config.ru:3:in `block in <main>'
2023-08-12T06:43:34.609535+00:00 app[web.1]: from /app/vendor/bundle/ruby/3.2.0/gems/rack-2.2.8/lib/rack/builder.rb:116:in `eval'
2023-08-12T06:43:34.609535+00:00 app[web.1]: from /app/vendor/bundle/ruby/3.2.0/gems/rack-2.2.8/lib/rack/builder.rb:116:in `new_from_string'
2023-08-12T06:43:34.609539+00:00 app[web.1]: from /app/vendor/bundle/ruby/3.2.0/gems/rack-2.2.8/lib/rack/builder.rb:105:in `load_file'
2023-08-12T06:43:34.609539+00:00 app[web.1]: from /app/vendor/bundle/ruby/3.2.0/gems/rack-2.2.8/lib/rack/builder.rb:66:in `parse_file'
2023-08-12T06:43:34.609540+00:00 app[web.1]: from /app/vendor/bundle/ruby/3.2.0/gems/rack-2.2.8/lib/rack/server.rb:349:in `build_app_and_options_from_config'
2023-08-12T06:43:34.609540+00:00 app[web.1]: from /app/vendor/bundle/ruby/3.2.0/gems/rack-2.2.8/lib/rack/server.rb:249:in `app'
2023-08-12T06:43:34.609540+00:00 app[web.1]: from /app/vendor/bundle/ruby/3.2.0/gems/rack-2.2.8/lib/rack/server.rb:422:in `wrapped_app'
2023-08-12T06:43:34.609540+00:00 app[web.1]: from /app/vendor/bundle/ruby/3.2.0/gems/rack-2.2.8/lib/rack/server.rb:312:in `block in start'
2023-08-12T06:43:34.609540+00:00 app[web.1]: from /app/vendor/bundle/ruby/3.2.0/gems/rack-2.2.8/lib/rack/server.rb:379:in `handle_profiling'
2023-08-12T06:43:34.609540+00:00 app[web.1]: from /app/vendor/bundle/ruby/3.2.0/gems/rack-2.2.8/lib/rack/server.rb:311:in `start'
2023-08-12T06:43:34.609540+00:00 app[web.1]: from /app/vendor/bundle/ruby/3.2.0/gems/railties-7.0.6/lib/rails/commands/server/server_command.rb:38:in `start'
2023-08-12T06:43:34.609540+00:00 app[web.1]: from /app/vendor/bundle/ruby/3.2.0/gems/railties-7.0.6/lib/rails/commands/server/server_command.rb:143:in `block in perform'
2023-08-12T06:43:34.609541+00:00 app[web.1]: from <internal:kernel>:90:in `tap'
2023-08-12T06:43:34.609541+00:00 app[web.1]: from /app/vendor/bundle/ruby/3.2.0/gems/railties-7.0.6/lib/rails/commands/server/server_command.rb:134:in `perform'
2023-08-12T06:43:34.609541+00:00 app[web.1]: from /app/vendor/bundle/ruby/3.2.0/gems/thor-1.2.2/lib/thor/command.rb:27:in `run'
2023-08-12T06:43:34.609541+00:00 app[web.1]: from /app/vendor/bundle/ruby/3.2.0/gems/thor-1.2.2/lib/thor/invocation.rb:127:in `invoke_command'
2023-08-12T06:43:34.609541+00:00 app[web.1]: from /app/vendor/bundle/ruby/3.2.0/gems/thor-1.2.2/lib/thor.rb:392:in `dispatch'
2023-08-12T06:43:34.609542+00:00 app[web.1]: from /app/vendor/bundle/ruby/3.2.0/gems/railties-7.0.6/lib/rails/command/base.rb:87:in `perform'
2023-08-12T06:43:34.609542+00:00 app[web.1]: from /app/vendor/bundle/ruby/3.2.0/gems/railties-7.0.6/lib/rails/command.rb:48:in `invoke'
2023-08-12T06:43:34.609542+00:00 app[web.1]: from /app/vendor/bundle/ruby/3.2.0/gems/railties-7.0.6/lib/rails/commands.rb:18:in `<main>'
2023-08-12T06:43:34.609542+00:00 app[web.1]: from <internal:/app/vendor/ruby-3.2.2/lib/ruby/3.2.0/rubygems/core_ext/kernel_require.rb>:37:in `require'
2023-08-12T06:43:34.609542+00:00 app[web.1]: from <internal:/app/vendor/ruby-3.2.2/lib/ruby/3.2.0/rubygems/core_ext/kernel_require.rb>:37:in `require'
2023-08-12T06:43:34.609543+00:00 app[web.1]: from /app/vendor/bundle/ruby/3.2.0/gems/bootsnap-1.16.0/lib/bootsnap/load_path_cache/core_ext/kernel_require.rb:32:in `require'
2023-08-12T06:43:34.609543+00:00 app[web.1]: from bin/rails:4:in `<main>'
2023-08-12T06:43:34.782474+00:00 heroku[web.1]: Process exited with status 1
2023-08-12T06:43:34.815090+00:00 heroku[web.1]: State changed from starting to crashed
2023-08-12T10:20:23.032735+00:00 heroku[router]: at=error code=H10 desc="App crashed" method=GET path="/" host=food-app-rails-9f46aca95ff0.herokuapp.com request_id=e5516137-efd6-4d81-b9c7-7a3e95140974 fwd="39.62.0.144" dyno= connect= service= status=503 bytes= protocol=https
2023-08-12T10:20:24.206459+00:00 heroku[router]: at=error code=H10 desc="App crashed" method=GET path="/favicon.ico" host=food-app-rails-9f46aca95ff0.herokuapp.com request_id=f1620f8c-63aa-43e9-83e7-2d95075bca1d fwd="39.62.0.144" dyno= connect= service= status=503 bytes= protocol=https
2023-08-12T10:30:46.017117+00:00 heroku[router]: at=error code=H10 desc="App crashed" method=GET path="/" host=food-app-rails-9f46aca95ff0.herokuapp.com request_id=b97ecf2c-4109-49f4-9343-6d7666148a7f fwd="39.62.0.144" dyno= connect= service= status=503 bytes= protocol=https
2023-08-12T10:30:46.961892+00:00 heroku[router]: at=error code=H10 desc="App crashed" method=GET path="/favicon.ico" host=food-app-rails-9f46aca95ff0.herokuapp.com request_id=f5b6bb42-7dd1-40fc-8f45-2ab3d4df3b33 fwd="39.62.0.144" dyno= connect= service= status=503 bytes= protocol=https
^C
admin@Admins-MacBook-Pro-2 food-app-rails % nano procfile

  UW PICO 5.09                     File: procfile                     Modified  

web: bundle exec puma -C config/puma.rb
















                               [ Exit cancelled ]                               
^G Get Help  ^O WriteOut  ^R Read File ^Y Prev Pg   ^K Cut Text  ^C Cur Pos   
^X Exit      ^J Justify   ^W Where is  ^V Next Pg   ^U UnCut Text^T To Spell  
